Component: ARM Compiler 5.06 update 7 (build 960) Tool: armlink [4d3601]

==============================================================================

Section Cross References

    startup_stm32f411xe.o(RESET) refers to startup_stm32f411xe.o(STACK) for __initial_sp
    startup_stm32f411xe.o(RESET) refers to startup_stm32f411xe.o(.text) for Reset_Handler
    startup_stm32f411xe.o(RESET) refers to stm32f4xx_it.o(i.NMI_Handler) for NMI_Handler
    startup_stm32f411xe.o(RESET) refers to stm32f4xx_it.o(i.HardFault_Handler) for HardFault_Handler
    startup_stm32f411xe.o(RESET) refers to stm32f4xx_it.o(i.MemManage_Handler) for MemManage_Handler
    startup_stm32f411xe.o(RESET) refers to stm32f4xx_it.o(i.BusFault_Handler) for BusFault_Handler
    startup_stm32f411xe.o(RESET) refers to stm32f4xx_it.o(i.UsageFault_Handler) for UsageFault_Handler
    startup_stm32f411xe.o(RESET) refers to stm32f4xx_it.o(i.SVC_Handler) for SVC_Handler
    startup_stm32f411xe.o(RESET) refers to stm32f4xx_it.o(i.DebugMon_Handler) for DebugMon_Handler
    startup_stm32f411xe.o(RESET) refers to stm32f4xx_it.o(i.PendSV_Handler) for PendSV_Handler
    startup_stm32f411xe.o(RESET) refers to stm32f4xx_it.o(i.SysTick_Handler) for SysTick_Handler
    startup_stm32f411xe.o(RESET) refers to stm32f4xx_it.o(i.EXTI9_5_IRQHandler) for EXTI9_5_IRQHandler
    startup_stm32f411xe.o(.text) refers to system_stm32f4xx.o(i.SystemInit) for SystemInit
    startup_stm32f411xe.o(.text) refers to entry.o(.ARM.Collect$$$$00000000) for __main
    main.o(i.HAL_GPIO_EXTI_Callback) refers to main.o(.data) for .data
    main.o(i.SystemClock_Config) refers to memseta.o(.text) for __aeabi_memclr4
    main.o(i.SystemClock_Config) refers to stm32f4xx_hal_rcc.o(i.HAL_RCC_OscConfig) for HAL_RCC_OscConfig
    main.o(i.SystemClock_Config) refers to stm32f4xx_hal_rcc.o(i.HAL_RCC_ClockConfig) for HAL_RCC_ClockConfig
    main.o(i.main) refers to stm32f4xx_hal.o(i.HAL_Init) for HAL_Init
    main.o(i.main) refers to main.o(i.SystemClock_Config) for SystemClock_Config
    main.o(i.main) refers to gpio.o(i.MX_GPIO_Init) for MX_GPIO_Init
    main.o(i.main) refers to spi.o(i.MX_SPI1_Init) for MX_SPI1_Init
    main.o(i.main) refers to rtc.o(i.MX_RTC_Init) for MX_RTC_Init
    main.o(i.main) refers to i2c.o(i.MX_I2C1_Init) for MX_I2C1_Init
    main.o(i.main) refers to usart.o(i.MX_USART1_UART_Init) for MX_USART1_UART_Init
    main.o(i.main) refers to i2c.o(i.MX_I2C2_Init) for MX_I2C2_Init
    main.o(i.main) refers to st7789.o(i.ST7789_Init) for ST7789_Init
    main.o(i.main) refers to myrtc.o(i.MYRTC_Init) for MYRTC_Init
    main.o(i.main) refers to st7789.o(i.ST7789_FillColor) for ST7789_FillColor
    main.o(i.main) refers to ui.o(i.ui_ShowPage) for ui_ShowPage
    main.o(i.main) refers to mpu6050.o(i.mpu6050_Init) for mpu6050_Init
    main.o(i.main) refers to touch.o(i.Touch_Scan) for Touch_Scan
    main.o(i.main) refers to ui.o(i.UI_ActiveUpdate) for UI_ActiveUpdate
    main.o(i.main) refers to ui.o(i.ui_SlideHandle) for ui_SlideHandle
    main.o(i.main) refers to ui.o(i.ui_DrawPageHandle) for ui_DrawPageHandle
    main.o(i.main) refers to ui.o(i.ui_touchhandle) for ui_touchhandle
    main.o(i.main) refers to stm32f4xx_hal.o(i.HAL_GetTick) for HAL_GetTick
    main.o(i.main) refers to ui.o(i.ui_UpState) for ui_UpState
    main.o(i.main) refers to ui.o(i.UI_ScreenOff) for UI_ScreenOff
    main.o(i.main) refers to mpu6050.o(i.mpu6050_Test) for mpu6050_Test
    main.o(i.main) refers to ui.o(i.UI_ScreenOn) for UI_ScreenOn
    main.o(i.main) refers to ui.o(.data) for ui_face
    main.o(i.main) refers to main.o(.data) for .data
    gpio.o(i.MX_GPIO_Init) refers to memseta.o(.text) for __aeabi_memclr4
    gpio.o(i.MX_GPIO_Init) refers to stm32f4xx_hal_gpio.o(i.HAL_GPIO_WritePin) for HAL_GPIO_WritePin
    gpio.o(i.MX_GPIO_Init) refers to stm32f4xx_hal_gpio.o(i.HAL_GPIO_Init) for HAL_GPIO_Init
    gpio.o(i.MX_GPIO_Init) refers to stm32f4xx_hal_cortex.o(i.HAL_NVIC_SetPriority) for HAL_NVIC_SetPriority
    gpio.o(i.MX_GPIO_Init) refers to stm32f4xx_hal_cortex.o(i.HAL_NVIC_EnableIRQ) for HAL_NVIC_EnableIRQ
    i2c.o(i.HAL_I2C_MspDeInit) refers to stm32f4xx_hal_gpio.o(i.HAL_GPIO_DeInit) for HAL_GPIO_DeInit
    i2c.o(i.HAL_I2C_MspInit) refers to memseta.o(.text) for __aeabi_memclr4
    i2c.o(i.HAL_I2C_MspInit) refers to stm32f4xx_hal_gpio.o(i.HAL_GPIO_Init) for HAL_GPIO_Init
    i2c.o(i.MX_I2C1_Init) refers to stm32f4xx_hal_i2c.o(i.HAL_I2C_Init) for HAL_I2C_Init
    i2c.o(i.MX_I2C1_Init) refers to main.o(i.Error_Handler) for Error_Handler
    i2c.o(i.MX_I2C1_Init) refers to i2c.o(.bss) for .bss
    i2c.o(i.MX_I2C2_Init) refers to stm32f4xx_hal_i2c.o(i.HAL_I2C_Init) for HAL_I2C_Init
    i2c.o(i.MX_I2C2_Init) refers to main.o(i.Error_Handler) for Error_Handler
    i2c.o(i.MX_I2C2_Init) refers to i2c.o(.bss) for .bss
    rtc.o(i.HAL_RTC_MspInit) refers to memseta.o(.text) for __aeabi_memclr4
[...]
    Removing stm32f4xx_hal_uart.o(i.HAL_UARTEx_ReceiveToIdle), (240 bytes).
    Removing stm32f4xx_hal_uart.o(i.HAL_UARTEx_ReceiveToIdle_DMA), (74 bytes).
    Removing stm32f4xx_hal_uart.o(i.HAL_UARTEx_ReceiveToIdle_IT), (78 bytes).
    Removing stm32f4xx_hal_uart.o(i.HAL_UARTEx_RxEventCallback), (2 bytes).
    Removing stm32f4xx_hal_uart.o(i.HAL_UART_Abort), (210 bytes).
    Removing stm32f4xx_hal_uart.o(i.HAL_UART_AbortCpltCallback), (2 bytes).
    Removing stm32f4xx_hal_uart.o(i.HAL_UART_AbortReceive), (148 bytes).
    Removing stm32f4xx_hal_uart.o(i.HAL_UART_AbortReceiveCpltCallback), (2 bytes).
    Removing stm32f4xx_hal_uart.o(i.HAL_UART_AbortReceive_IT), (152 bytes).
    Removing stm32f4xx_hal_uart.o(i.HAL_UART_AbortTransmit), (98 bytes).
    Removing stm32f4xx_hal_uart.o(i.HAL_UART_AbortTransmitCpltCallback), (2 bytes).
    Removing stm32f4xx_hal_uart.o(i.HAL_UART_AbortTransmit_IT), (104 bytes).
    Removing stm32f4xx_hal_uart.o(i.HAL_UART_Abort_IT), (244 bytes).
    Removing stm32f4xx_hal_uart.o(i.HAL_UART_DMAPause), (120 bytes).
    Removing stm32f4xx_hal_uart.o(i.HAL_UART_DMAResume), (114 bytes).
    Removing stm32f4xx_hal_uart.o(i.HAL_UART_DMAStop), (112 bytes).
    Removing stm32f4xx_hal_uart.o(i.HAL_UART_DeInit), (54 bytes).
    Removing stm32f4xx_hal_uart.o(i.HAL_UART_ErrorCallback), (2 bytes).
    Removing stm32f4xx_hal_uart.o(i.HAL_UART_GetError), (4 bytes).
    Removing stm32f4xx_hal_uart.o(i.HAL_UART_GetState), (10 bytes).
    Removing stm32f4xx_hal_uart.o(i.HAL_UART_IRQHandler), (640 bytes).
    Removing stm32f4xx_hal_uart.o(i.HAL_UART_MspDeInit), (2 bytes).
    Removing stm32f4xx_hal_uart.o(i.HAL_UART_MspInit), (2 bytes).
    Removing stm32f4xx_hal_uart.o(i.HAL_UART_Receive), (176 bytes).
    Removing stm32f4xx_hal_uart.o(i.HAL_UART_Receive_DMA), (28 bytes).
    Removing stm32f4xx_hal_uart.o(i.HAL_UART_Receive_IT), (28 bytes).
    Removing stm32f4xx_hal_uart.o(i.HAL_UART_RxCpltCallback), (2 bytes).
    Removing stm32f4xx_hal_uart.o(i.HAL_UART_RxHalfCpltCallback), (2 bytes).
    Removing stm32f4xx_hal_uart.o(i.HAL_UART_Transmit_DMA), (132 bytes).
    Removing stm32f4xx_hal_uart.o(i.HAL_UART_Transmit_IT), (50 bytes).
    Removing stm32f4xx_hal_uart.o(i.HAL_UART_TxCpltCallback), (2 bytes).
    Removing stm32f4xx_hal_uart.o(i.HAL_UART_TxHalfCpltCallback), (2 bytes).
    Removing stm32f4xx_hal_uart.o(i.UART_DMAAbortOnError), (14 bytes).
    Removing stm32f4xx_hal_uart.o(i.UART_DMAError), (74 bytes).
    Removing stm32f4xx_hal_uart.o(i.UART_DMAReceiveCplt), (134 bytes).
    Removing stm32f4xx_hal_uart.o(i.UART_DMARxAbortCallback), (44 bytes).
    Removing stm32f4xx_hal_uart.o(i.UART_DMARxHalfCplt), (30 bytes).
    Removing stm32f4xx_hal_uart.o(i.UART_DMARxOnlyAbortCallback), (22 bytes).
    Removing stm32f4xx_hal_uart.o(i.UART_DMATransmitCplt), (66 bytes).
    Removing stm32f4xx_hal_uart.o(i.UART_DMATxAbortCallback), (44 bytes).
    Removing stm32f4xx_hal_uart.o(i.UART_DMATxHalfCplt), (10 bytes).
    Removing stm32f4xx_hal_uart.o(i.UART_DMATxOnlyAbortCallback), (20 bytes).
    Removing stm32f4xx_hal_uart.o(i.UART_EndTxTransfer), (28 bytes).
    Removing stm32f4xx_hal_uart.o(i.UART_Receive_IT), (194 bytes).
    Removing stm32f4xx_hal_uart.o(i.UART_Start_Receive_DMA), (160 bytes).
    Removing stm32f4xx_hal_uart.o(i.UART_Start_Receive_IT), (54 bytes).
    Removing system_stm32f4xx.o(.rev16_text), (4 bytes).
    Removing system_stm32f4xx.o(.revsh_text), (4 bytes).
    Removing system_stm32f4xx.o(.rrx_text), (6 bytes).
    Removing system_stm32f4xx.o(i.SystemCoreClockUpdate), (124 bytes).
    Removing myrtc.o(.rev16_text), (4 bytes).
    Removing myrtc.o(.revsh_text), (4 bytes).
    Removing myrtc.o(.rrx_text), (6 bytes).
    Removing st7789.o(.rev16_text), (4 bytes).
    Removing st7789.o(.revsh_text), (4 bytes).
    Removing st7789.o(.rrx_text), (6 bytes).
    Removing st7789.o(i.ST7789_ShowChinese), (66 bytes).
    Removing st7789.o(i.ST7789_ShowChinesechar), (384 bytes).
    Removing st7789_font.o(.rev16_text), (4 bytes).
    Removing st7789_font.o(.revsh_text), (4 bytes).
    Removing st7789_font.o(.rrx_text), (6 bytes).
    Removing st7789_font.o(.constdata), (70 bytes).
    Removing st7789_font.o(.constdata), (2 bytes).
    Removing st7789_font.o(.constdata), (150 bytes).
    Removing st7789_font.o(.constdata), (2 bytes).
    Removing touch.o(.rev16_text), (4 bytes).
    Removing touch.o(.revsh_text), (4 bytes).
    Removing touch.o(.rrx_text), (6 bytes).
    Removing ui.o(.rev16_text), (4 bytes).
    Removing ui.o(.revsh_text), (4 bytes).
    Removing ui.o(.rrx_text), (6 bytes).
    Removing mpu6050.o(.rev16_text), (4 bytes).
    Removing mpu6050.o(.revsh_text), (4 bytes).
    Removing mpu6050.o(.rrx_text), (6 bytes).
    Removing mpu6050.o(i.mpu6050_ReadMemReg), (28 bytes).
    Removing mpu6050.o(i.mpu6050_WriteMemRegs), (28 bytes).
    Removing dadd.o(.text), (334 bytes).
    Removing dmul.o(.text), (228 bytes).
    Removing ddiv.o(.text), (222 bytes).
    Removing dfixul.o(.text), (48 bytes).
    Removing cdrcmple.o(.text), (48 bytes).
    Removing depilogue.o(.text), (186 bytes).

487 unused section(s) (total 37844 bytes) removed from the image.

==============================================================================

Image Symbol Table

    Local Symbols

    Symbol Name                              Value     Ov Type        Size  Object(Section)

    ../Core/Src/gpio.c                       0x00000000   Number         0  gpio.o ABSOLUTE
    ../Core/Src/i2c.c                        0x00000000   Number         0  i2c.o ABSOLUTE
    ../Core/Src/main.c                       0x00000000   Number         0  main.o ABSOLUTE
    ../Core/Src/rtc.c                        0x00000000   Number         0  rtc.o ABSOLUTE
    ../Core/Src/spi.c                        0x00000000   Number         0  spi.o ABSOLUTE
    ../Core/Src/stm32f4xx_hal_msp.c          0x00000000   Number         0  stm32f4xx_hal_msp.o ABSOLUTE
    ../Core/Src/stm32f4xx_it.c               0x00000000   Number         0  stm32f4xx_it.o ABSOLUTE
    ../Core/Src/system_stm32f4xx.c           0x00000000   Number         0  system_stm32f4xx.o ABSOLUTE
    ../Core/Src/usart.c                      0x00000000   Number         0  usart.o ABSOLUTE
    ../Drivers/STM32F4xx_HAL_Driver/Src/stm32f4xx_hal.c 0x00000000   Number         0  stm32f4xx_hal.o ABSOLUTE
    ../Drivers/STM32F4xx_HAL_Driver/Src/stm32f4xx_hal_cortex.c 0x00000000   Number         0  stm32f4xx_hal_cortex.o ABSOLUTE
    ../Drivers/STM32F4xx_HAL_Driver/Src/stm32f4xx_hal_dma.c 0x00000000   Number         0  stm32f4xx_hal_dma.o ABSOLUTE
    ../Drivers/STM32F4xx_HAL_Driver/Src/stm32f4xx_hal_dma_ex.c 0x00000000   Number         0  stm32f4xx_hal_dma_ex.o ABSOLUTE
    ../Drivers/STM32F4xx_HAL_Driver/Src/stm32f4xx_hal_exti.c 0x00000000   Number         0  stm32f4xx_hal_exti.o ABSOLUTE
    ../Drivers/STM32F4xx_HAL_Driver/Src/stm32f4xx_hal_flash.c 0x00000000   Number         0  stm32f4xx_hal_flash.o ABSOLUTE
    ../Drivers/STM32F4xx_HAL_Driver/Src/stm32f4xx_hal_flash_ex.c 0x00000000   Number         0  stm32f4xx_hal_flash_ex.o ABSOLUTE
    ../Drivers/STM32F4xx_HAL_Driver/Src/stm32f4xx_hal_flash_ramfunc.c 0x00000000   Number         0  stm32f4xx_hal_flash_ramfunc.o ABSOLUTE
    ../Drivers/STM32F4xx_HAL_Driver/Src/stm32f4xx_hal_gpio.c 0x00000000   Number         0  stm32f4xx_hal_gpio.o ABSOLUTE
    ../Drivers/STM32F4xx_HAL_Driver/Src/stm32f4xx_hal_i2c.c 0x00000000   Number         0  stm32f4xx_hal_i2c.o ABSOLUTE
    ../Drivers/STM32F4xx_HAL_Driver/Src/stm32f4xx_hal_i2c_ex.c 0x00000000   Number         0  stm32f4xx_hal_i2c_ex.o ABSOLUTE
    ../Drivers/STM32F4xx_HAL_Driver/Src/stm32f4xx_hal_pwr.c 0x00000000   Number         0  stm32f4xx_hal_pwr.o ABSOLUTE
    ../Drivers/STM32F4xx_HAL_Driver/Src/stm32f4xx_hal_pwr_ex.c 0x00000000   Number         0  stm32f4xx_hal_pwr_ex.o ABSOLUTE
    ../Drivers/STM32F4xx_HAL_Driver/Src/stm32f4xx_hal_rcc.c 0x00000000   Number         0  stm32f4xx_hal_rcc.o ABSOLUTE
    ../Drivers/STM32F4xx_HAL_Driver/Src/stm32f4xx_hal_rcc_ex.c 0x00000000   Number         0  stm32f4xx_hal_rcc_ex.o ABSOLUTE
    ../Drivers/STM32F4xx_HAL_Driver/Src/stm32f4xx_hal_rtc.c 0x00000000   Number         0  stm32f4xx_hal_rtc.o ABSOLUTE
    ../Drivers/STM32F4xx_HAL_Driver/Src/stm32f4xx_hal_rtc_ex.c 0x00000000   Number         0  stm32f4xx_hal_rtc_ex.o ABSOLUTE
    ../Drivers/STM32F4xx_HAL_Driver/Src/stm32f4xx_hal_spi.c 0x00000000   Number         0  stm32f4xx_hal_spi.o ABSOLUTE
    ../Drivers/STM32F4xx_HAL_Driver/Src/stm32f4xx_hal_uart.c 0x00000000   Number         0  stm32f4xx_hal_uart.o ABSOLUTE
    ../clib/microlib/division.c              0x00000000   Number         0  uldiv.o ABSOLUTE
    ../clib/microlib/division.c              0x00000000   Number         0  uidiv.o ABSOLUTE
    ../clib/microlib/init/entry.s            0x00000000   Number         0  entry12a.o ABSOLUTE
    ../clib/microlib/init/entry.s            0x00000000   Number         0  entry8a.o ABSOLUTE
    ../clib/microlib/init/entry.s            0x00000000   Number         0  entry10a.o ABSOLUTE
    ../clib/microlib/init/entry.s            0x00000000   Number         0  entry7b.o ABSOLUTE
    ../clib/microlib/init/entry.s            0x00000000   Number         0  entry.o ABSOLUTE
    ../clib/microlib/init/entry.s            0x00000000   Number         0  entry11b.o ABSOLUTE
    ../clib/microlib/init/entry.s            0x00000000   Number         0  entry7a.o ABSOLUTE
    ../clib/microlib/init/entry.s            0x00000000   Number         0  entry11a.o ABSOLUTE
    ../clib/microlib/init/entry.s            0x00000000   Number         0  entry10b.o ABSOLUTE
    ../clib/microlib/init/entry.s            0x00000000   Number         0  entry2.o ABSOLUTE
    ../clib/microlib/init/entry.s            0x00000000   Number         0  entry5.o ABSOLUTE
    ../clib/microlib/init/entry.s            0x00000000   Number         0  entry9b.o ABSOLUTE
    ../clib/microlib/init/entry.s            0x00000000   Number         0  entry12b.o ABSOLUTE
    ../clib/microlib/init/entry.s            0x00000000   Number         0  entry9a.o ABSOLUTE
    ../clib/microlib/init/entry.s            0x00000000   Number         0  entry8b.o ABSOLUTE
    ../clib/microlib/longlong.c              0x00000000   Number         0  llushr.o ABSOLUTE
    ../clib/microlib/longlong.c              0x00000000   Number         0  llshl.o ABSOLUTE
    ../clib/microlib/longlong.c              0x00000000   Number         0  llsshr.o ABSOLUTE
    ../clib/microlib/printf/printf.c         0x00000000   Number         0  printf3.o ABSOLUTE
    ../clib/microlib/printf/printf.c         0x00000000   Number         0  printf7.o ABSOLUTE
    ../clib/microlib/printf/printf.c         0x00000000   Number         0  printf8.o ABSOLUTE
    ../clib/microlib/printf/printf.c         0x00000000   Number         0  printfa.o ABSOLUTE
    ../clib/microlib/printf/printf.c         0x00000000   Number         0  printf4.o ABSOLUTE
    ../clib/microlib/printf/printf.c         0x00000000   Number         0  printf1.o ABSOLUTE
    ../clib/microlib/printf/printf.c         0x00000000   Number         0  printfb.o ABSOLUTE
    ../clib/microlib/printf/printf.c         0x00000000   Number         0  printf5.o ABSOLUTE
    ../clib/microlib/printf/printf.c         0x00000000   Number         0  printf2.o ABSOLUTE
    ../clib/microlib/printf/printf.c         0x00000000   Number         0  printf6.o ABSOLUTE
    ../clib/microlib/printf/printf.c         0x00000000   Number         0  printf0.o ABSOLUTE
    ../clib/microlib/printf/stubs.s          0x00000000   Number         0  stubs.o ABSOLUTE
    ../clib/microlib/stdio/streams.c         0x00000000   Number         0  stdout.o ABSOLUTE
    ../clib/microlib/string/memset.c         0x00000000   Number         0  memseta.o ABSOLUTE
    ../clib/microlib/stubs.s                 0x00000000   Number         0  iusefp.o ABSOLUTE
    ../fplib/microlib/fpadd.c                0x00000000   Number         0  dadd.o ABSOLUTE
    ../fplib/microlib/fpdiv.c                0x00000000   Number         0  ddiv.o ABSOLUTE
    ../fplib/microlib/fpepilogue.c           0x00000000   Number         0  depilogue.o ABSOLUTE
    ../fplib/microlib/fpfix.c                0x00000000   Number         0  dfixul.o ABSOLUTE
    ../fplib/microlib/fpmul.c                0x00000000   Number         0  dmul.o ABSOLUTE
    ..\Core\Src\gpio.c                       0x00000000   Number         0  gpio.o ABSOLUTE
    ..\Core\Src\i2c.c                        0x00000000   Number         0  i2c.o ABSOLUTE
    ..\Core\Src\main.c                       0x00000000   Number         0  main.o ABSOLUTE
    ..\Core\Src\rtc.c                        0x00000000   Number         0  rtc.o ABSOLUTE
    ..\Core\Src\spi.c                        0x00000000   Number         0  spi.o ABSOLUTE
    ..\Core\Src\stm32f4xx_hal_msp.c          0x00000000   Number         0  stm32f4xx_hal_msp.o ABSOLUTE
    ..\Core\Src\stm32f4xx_it.c               0x00000000   Number         0  stm32f4xx_it.o ABSOLUTE
    ..\Core\Src\system_stm32f4xx.c           0x00000000   Number         0  system_stm32f4xx.o ABSOLUTE
    ..\Core\Src\usart.c                      0x00000000   Number         0  usart.o ABSOLUTE
    ..\Drivers\STM32F4xx_HAL_Driver\Src\stm32f4xx_hal.c 0x00000000   Number         0  stm32f4xx_hal.o ABSOLUTE
    ..\Drivers\STM32F4xx_HAL_Driver\Src\stm32f4xx_hal_cortex.c 0x00000000   Number         0  stm32f4xx_hal_cortex.o ABSOLUTE
    ..\Drivers\STM32F4xx_HAL_Driver\Src\stm32f4xx_hal_dma.c 0x00000000   Number         0  stm32f4xx_hal_dma.o ABSOLUTE
    ..\Drivers\STM32F4xx_HAL_Driver\Src\stm32f4xx_hal_dma_ex.c 0x00000000   Number         0  stm32f4xx_hal_dma_ex.o ABSOLUTE
    ..\Drivers\STM32F4xx_HAL_Driver\Src\stm32f4xx_hal_exti.c 0x00000000   Number         0  stm32f4xx_hal_exti.o ABSOLUTE
    ..\Drivers\STM32F4xx_HAL_Driver\Src\stm32f4xx_hal_flash.c 0x00000000   Number         0  stm32f4xx_hal_flash.o ABSOLUTE
    ..\Drivers\STM32F4xx_HAL_Driver\Src\stm32f4xx_hal_flash_ex.c 0x00000000   Number         0  stm32f4xx_hal_flash_ex.o ABSOLUTE
    ..\Drivers\STM32F4xx_HAL_Driver\Src\stm32f4xx_hal_flash_ramfunc.c 0x00000000   Number         0  stm32f4xx_hal_flash_ramfunc.o ABSOLUTE
    ..\Drivers\STM32F4xx_HAL_Driver\Src\stm32f4xx_hal_gpio.c 0x00000000   Number         0  stm32f4xx_hal_gpio.o ABSOLUTE
    ..\Drivers\STM32F4xx_HAL_Driver\Src\stm32f4xx_hal_i2c.c 0x00000000   Number         0  stm32f4xx_hal_i2c.o ABSOLUTE
    ..\Drivers\STM32F4xx_HAL_Driver\Src\stm32f4xx_hal_i2c_ex.c 0x00000000   Number         0  stm32f4xx_hal_i2c_ex.o ABSOLUTE
    ..\Drivers\STM32F4xx_HAL_Driver\Src\stm32f4xx_hal_pwr.c 0x00000000   Number         0  stm32f4xx_hal_pwr.o ABSOLUTE
    ..\Drivers\STM32F4xx_HAL_Driver\Src\stm32f4xx_hal_pwr_ex.c 0x00000000   Number         0  stm32f4xx_hal_pwr_ex.o ABSOLUTE
    ..\Drivers\STM32F4xx_HAL_Driver\Src\stm32f4xx_hal_rcc.c 0x00000000   Number         0  stm32f4xx_hal_rcc.o ABSOLUTE
    ..\Drivers\STM32F4xx_HAL_Driver\Src\stm32f4xx_hal_rcc_ex.c 0x00000000   Number         0  stm32f4xx_hal_rcc_ex.o ABSOLUTE
    ..\Drivers\STM32F4xx_HAL_Driver\Src\stm32f4xx_hal_rtc.c 0x00000000   Number         0  stm32f4xx_hal_rtc.o ABSOLUTE
    ..\Drivers\STM32F4xx_HAL_Driver\Src\stm32f4xx_hal_rtc_ex.c 0x00000000   Number         0  stm32f4xx_hal_rtc_ex.o ABSOLUTE
    ..\Drivers\STM32F4xx_HAL_Driver\Src\stm32f4xx_hal_spi.c 0x00000000   Number         0  stm32f4xx_hal_spi.o ABSOLUTE
    ..\Drivers\STM32F4xx_HAL_Driver\Src\stm32f4xx_hal_uart.c 0x00000000   Number         0  stm32f4xx_hal_uart.o ABSOLUTE
    ..\\code\\MYRTC.c                        0x00000000   Number         0  myrtc.o ABSOLUTE
    ..\\code\\ST7789_Font.c                  0x00000000   Number         0  st7789_font.o ABSOLUTE
    ..\\code\\mpu6050.c                      0x00000000   Number         0  mpu6050.o ABSOLUTE
    ..\\code\\st7789.c                       0x00000000   Number         0  st7789.o ABSOLUTE
    ..\\code\\touch.c                        0x00000000   Number         0  touch.o ABSOLUTE
    ..\\code\\ui.c                           0x00000000   Number         0  ui.o ABSOLUTE
    ..\code\MYRTC.c                          0x00000000   Number         0  myrtc.o ABSOLUTE
    ..\code\ST7789_Font.c                    0x00000000   Number         0  st7789_font.o ABSOLUTE
    ..\code\mpu6050.c                        0x00000000   Number         0  mpu6050.o ABSOLUTE
    ..\code\st7789.c                         0x00000000   Number         0  st7789.o ABSOLUTE
    ..\code\touch.c                          0x00000000   Number         0  touch.o ABSOLUTE
    ..\code\ui.c                             0x00000000   Number         0  ui.o ABSOLUTE
    cdrcmple.s                               0x00000000   Number         0  cdrcmple.o ABSOLUTE
    dc.s                                     0x00000000   Number         0  dc.o ABSOLUTE
    handlers.s                               0x00000000   Number         0  handlers.o ABSOLUTE
    init.s                                   0x00000000   Number         0  init.o ABSOLUTE
    startup_stm32f411xe.s                    0x00000000   Number         0  startup_stm32f411xe.o ABSOLUTE
    RESET                                    0x08000000   Section      408  startup_stm32f411xe.o(RESET)
    .ARM.Collect$$$$00000000                 0x08000198   Section        0  entry.o(.ARM.Collect$$$$00000000)
    .ARM.Collect$$$$00000001                 0x08000198   Section        4  entry2.o(.ARM.Collect$$$$00000001)
    .ARM.Collect$$$$00000004                 0x0800019c   Section        4  entry5.o(.ARM.Collect$$$$00000004)
    .ARM.Collect$$$$00000008                 0x080001a0   Section        0  entry7b.o(.ARM.Collect$$$$00000008)
    .ARM.Collect$$$$0000000A                 0x080001a0   Section        0  entry8b.o(.ARM.Collect$$$$0000000A)
    .ARM.Collect$$$$0000000B                 0x080001a0   Section        8  entry9a.o(.ARM.Collect$$$$0000000B)
    .ARM.Collect$$$$0000000E                 0x080001a8   Section        4  entry12b.o(.ARM.Collect$$$$0000000E)
    .ARM.Collect$$$$0000000F                 0x080001ac   Section        0  entry10a.o(.ARM.Collect$$$$0000000F)
    .ARM.Collect$$$$00000011                 0x080001ac   Section        0  entry11a.o(.ARM.Collect$$$$00000011)
    .ARM.Collect$$$$00002712                 0x080001ac   Section        4  entry2.o(.ARM.Collect$$$$00002712)
    __lit__00000000                          0x080001ac   Data           4  entry2.o(.ARM.Collect$$$$00002712)
    .text                                    0x080001b0   Section       36  startup_stm32f411xe.o(.text)
    $v0                                      0x080001b0   Number         0  startup_stm32f411xe.o(.text)
    .text                                    0x080001d4   Section        0  uldiv.o(.text)
    .text                                    0x08000236   Section        0  memseta.o(.text)
    .text                                    0x0800025a   Section        0  uidiv.o(.text)
    .text                                    0x08000286   Section        0  llshl.o(.text)
    .text                                    0x080002a4   Section        0  llushr.o(.text)
    .text                                    0x080002c4   Section       36  init.o(.text)
    i.BusFault_Handler                       0x080002e8   Section        0  stm32f4xx_it.o(i.BusFault_Handler)
    i.DebugMon_Handler                       0x080002ea   Section        0  stm32f4xx_it.o(i.DebugMon_Handler)
    i.EXTI9_5_IRQHandler                     0x080002ec   Section        0  stm32f4xx_it.o(i.EXTI9_5_IRQHandler)
    i.Error_Handler                          0x080002f2   Section        0  main.o(i.Error_Handler)
    i.HAL_Delay                              0x080002f8   Section        0  stm32f4xx_hal.o(i.HAL_Delay)
    i.HAL_GPIO_EXTI_Callback                 0x0800031c   Section        0  main.o(i.HAL_GPIO_EXTI_Callback)
    i.HAL_GPIO_EXTI_IRQHandler               0x0800032c   Section        0  stm32f4xx_hal_gpio.o(i.HAL_GPIO_EXTI_IRQHandler)
    i.HAL_GPIO_Init                          0x08000344   Section        0  stm32f4xx_hal_gpio.o(i.HAL_GPIO_Init)
    i.HAL_GPIO_WritePin                      0x08000524   Section        0  stm32f4xx_hal_gpio.o(i.HAL_GPIO_WritePin)
    i.HAL_GetTick                            0x08000530   Section        0  stm32f4xx_hal.o(i.HAL_GetTick)
    i.HAL_I2C_Init                           0x0800053c   Section        0  stm32f4xx_hal_i2c.o(i.HAL_I2C_Init)
    i.HAL_I2C_Mem_Read                       0x080006c4   Section        0  stm32f4xx_hal_i2c.o(i.HAL_I2C_Mem_Read)
    i.HAL_I2C_Mem_Write                      0x080008c8   Section        0  stm32f4xx_hal_i2c.o(i.HAL_I2C_Mem_Write)
    i.HAL_I2C_MspInit                        0x080009f8   Section        0  i2c.o(i.HAL_I2C_MspInit)
    i.HAL_IncTick                            0x08000abc   Section        0  stm32f4xx_hal.o(i.HAL_IncTick)
    i.HAL_Init                               0x08000acc   Section        0  stm32f4xx_hal.o(i.HAL_Init)
    i.HAL_InitTick                           0x08000b00   Section        0  stm32f4xx_hal.o(i.HAL_InitTick)
    i.HAL_MspInit                            0x08000b40   Section        0  stm32f4xx_hal_msp.o(i.HAL_MspInit)
    i.HAL_NVIC_EnableIRQ                     0x08000b70   Section        0  stm32f4xx_hal_cortex.o(i.HAL_NVIC_EnableIRQ)
    i.HAL_NVIC_SetPriority                   0x08000b8c   Section        0  stm32f4xx_hal_cortex.o(i.HAL_NVIC_SetPriority)
    i.HAL_NVIC_SetPriorityGrouping           0x08000bcc   Section        0  stm32f4xx_hal_cortex.o(i.HAL_NVIC_SetPriorityGrouping)
    i.HAL_RCCEx_PeriphCLKConfig              0x08000bf0   Section        0  stm32f4xx_hal_rcc_ex.o(i.HAL_RCCEx_PeriphCLKConfig)
    i.HAL_RCC_ClockConfig                    0x08000d44   Section        0  stm32f4xx_hal_rcc.o(i.HAL_RCC_ClockConfig)
    i.HAL_RCC_GetPCLK1Freq                   0x08000e78   Section        0  stm32f4xx_hal_rcc.o(i.HAL_RCC_GetPCLK1Freq)
    i.HAL_RCC_GetPCLK2Freq                   0x08000e98   Section        0  stm32f4xx_hal_rcc.o(i.HAL_RCC_GetPCLK2Freq)
    i.HAL_RCC_GetSysClockFreq                0x08000eb8   Section        0  stm32f4xx_hal_rcc.o(i.HAL_RCC_GetSysClockFreq)
    i.HAL_RCC_OscConfig                      0x08000f1c   Section        0  stm32f4xx_hal_rcc.o(i.HAL_RCC_OscConfig)
    i.HAL_RTCEx_BKUPRead                     0x08001288   Section        0  stm32f4xx_hal_rtc_ex.o(i.HAL_RTCEx_BKUPRead)
    i.HAL_RTCEx_BKUPWrite                    0x08001292   Section        0  stm32f4xx_hal_rtc_ex.o(i.HAL_RTCEx_BKUPWrite)
    i.HAL_RTCEx_SetWakeUpTimer               0x0800129c   Section        0  stm32f4xx_hal_rtc_ex.o(i.HAL_RTCEx_SetWakeUpTimer)
    i.HAL_RTC_GetDate                        0x08001370   Section        0  stm32f4xx_hal_rtc.o(i.HAL_RTC_GetDate)
    i.HAL_RTC_GetTime                        0x080013b4   Section        0  stm32f4xx_hal_rtc.o(i.HAL_RTC_GetTime)
    i.HAL_RTC_Init                           0x08001408   Section        0  stm32f4xx_hal_rtc.o(i.HAL_RTC_Init)
    i.HAL_RTC_MspInit                        0x080014a4   Section        0  rtc.o(i.HAL_RTC_MspInit)
    i.HAL_RTC_SetDate                        0x080014e0   Section        0  stm32f4xx_hal_rtc.o(i.HAL_RTC_SetDate)
    i.HAL_RTC_SetTime                        0x08001578   Section        0  stm32f4xx_hal_rtc.o(i.HAL_RTC_SetTime)
    i.HAL_RTC_WaitForSynchro                 0x08001638   Section        0  stm32f4xx_hal_rtc.o(i.HAL_RTC_WaitForSynchro)
    i.HAL_SPI_Init                           0x08001670   Section        0  stm32f4xx_hal_spi.o(i.HAL_SPI_Init)
    i.HAL_SPI_MspInit                        0x0800172c   Section        0  spi.o(i.HAL_SPI_MspInit)
    i.HAL_SPI_Transmit                       0x08001794   Section        0  stm32f4xx_hal_spi.o(i.HAL_SPI_Transmit)
    i.HAL_SYSTICK_Config                     0x080018fa   Section        0  stm32f4xx_hal_cortex.o(i.HAL_SYSTICK_Config)
    i.HAL_UART_Init                          0x08001922   Section        0  stm32f4xx_hal_uart.o(i.HAL_UART_Init)
    i.HAL_UART_MspInit                       0x08001988   Section        0  usart.o(i.HAL_UART_MspInit)
    i.HAL_UART_Transmit                      0x080019f4   Section        0  stm32f4xx_hal_uart.o(i.HAL_UART_Transmit)
    i.HardFault_Handler                      0x08001a94   Section        0  stm32f4xx_it.o(i.HardFault_Handler)
    i.I2C_IsAcknowledgeFailed                0x08001a96   Section        0  stm32f4xx_hal_i2c.o(i.I2C_IsAcknowledgeFailed)
    I2C_IsAcknowledgeFailed                  0x08001a97   Thumb Code    46  stm32f4xx_hal_i2c.o(i.I2C_IsAcknowledgeFailed)
    i.I2C_RequestMemoryRead                  0x08001ac4   Section        0  stm32f4xx_hal_i2c.o(i.I2C_RequestMemoryRead)
    I2C_RequestMemoryRead                    0x08001ac5   Thumb Code   246  stm32f4xx_hal_i2c.o(i.I2C_RequestMemoryRead)
    i.I2C_RequestMemoryWrite                 0x08001bc0   Section        0  stm32f4xx_hal_i2c.o(i.I2C_RequestMemoryWrite)
    I2C_RequestMemoryWrite                   0x08001bc1   Thumb Code   162  stm32f4xx_hal_i2c.o(i.I2C_RequestMemoryWrite)
    i.I2C_WaitOnBTFFlagUntilTimeout          0x08001c68   Section        0  stm32f4xx_hal_i2c.o(i.I2C_WaitOnBTFFlagUntilTimeout)
    I2C_WaitOnBTFFlagUntilTimeout            0x08001c69   Thumb Code    86  stm32f4xx_hal_i2c.o(i.I2C_WaitOnBTFFlagUntilTimeout)
    i.I2C_WaitOnFlagUntilTimeout             0x08001cc0   Section        0  stm32f4xx_hal_i2c.o(i.I2C_WaitOnFlagUntilTimeout)
    I2C_WaitOnFlagUntilTimeout               0x08001cc1   Thumb Code   144  stm32f4xx_hal_i2c.o(i.I2C_WaitOnFlagUntilTimeout)
    i.I2C_WaitOnMasterAddressFlagUntilTimeout 0x08001d50   Section        0  stm32f4xx_hal_i2c.o(i.I2C_WaitOnMasterAddressFlagUntilTimeout)
    I2C_WaitOnMasterAddressFlagUntilTimeout  0x08001d51   Thumb Code   188  stm32f4xx_hal_i2c.o(i.I2C_WaitOnMasterAddressFlagUntilTimeout)
    i.I2C_WaitOnRXNEFlagUntilTimeout         0x08001e0c   Section        0  stm32f4xx_hal_i2c.o(i.I2C_WaitOnRXNEFlagUntilTimeout)
    I2C_WaitOnRXNEFlagUntilTimeout           0x08001e0d   Thumb Code   112  stm32f4xx_hal_i2c.o(i.I2C_WaitOnRXNEFlagUntilTimeout)
    i.I2C_WaitOnTXEFlagUntilTimeout          0x08001e7c   Section        0  stm32f4xx_hal_i2c.o(i.I2C_WaitOnTXEFlagUntilTimeout)
    I2C_WaitOnTXEFlagUntilTimeout            0x08001e7d   Thumb Code    86  stm32f4xx_hal_i2c.o(i.I2C_WaitOnTXEFlagUntilTimeout)
    i.LCD_CS_0                               0x08001ed4   Section        0  st7789.o(i.LCD_CS_0)
    LCD_CS_0                                 0x08001ed5   Thumb Code    10  st7789.o(i.LCD_CS_0)
    i.LCD_CS_1                               0x08001ee4   Section        0  st7789.o(i.LCD_CS_1)
    LCD_CS_1                                 0x08001ee5   Thumb Code    10  st7789.o(i.LCD_CS_1)
    i.LCD_DC_1                               0x08001ef4   Section        0  st7789.o(i.LCD_DC_1)
    LCD_DC_1                                 0x08001ef5   Thumb Code    10  st7789.o(i.LCD_DC_1)
    i.MX_GPIO_Init                           0x08001f04   Section        0  gpio.o(i.MX_GPIO_Init)
    i.MX_I2C1_Init                           0x08001fc8   Section        0  i2c.o(i.MX_I2C1_Init)
    i.MX_I2C2_Init                           0x08002008   Section        0  i2c.o(i.MX_I2C2_Init)
    i.MX_RTC_Init                            0x08002048   Section        0  rtc.o(i.MX_RTC_Init)
    i.MX_SPI1_Init                           0x080020d8   Section        0  spi.o(i.MX_SPI1_Init)
    i.MX_USART1_UART_Init                    0x08002120   Section        0  usart.o(i.MX_USART1_UART_Init)
    i.MYRTC_Init                             0x08002158   Section        0  myrtc.o(i.MYRTC_Init)
    i.MemManage_Handler                      0x080021bc   Section        0  stm32f4xx_it.o(i.MemManage_Handler)
    i.NMI_Handler                            0x080021be   Section        0  stm32f4xx_it.o(i.NMI_Handler)
    i.PendSV_Handler                         0x080021c0   Section        0  stm32f4xx_it.o(i.PendSV_Handler)
    i.RTC_Bcd2ToByte                         0x080021c2   Section        0  stm32f4xx_hal_rtc.o(i.RTC_Bcd2ToByte)
    i.RTC_ByteToBcd2                         0x080021d4   Section        0  stm32f4xx_hal_rtc.o(i.RTC_ByteToBcd2)
    i.RTC_EnterInitMode                      0x080021ec   Section        0  stm32f4xx_hal_rtc.o(i.RTC_EnterInitMode)
    i.RTC_ExitInitMode                       0x08002234   Section        0  stm32f4xx_hal_rtc.o(i.RTC_ExitInitMode)
    i.SPI_EndRxTxTransaction                 0x08002260   Section        0  stm32f4xx_hal_spi.o(i.SPI_EndRxTxTransaction)
    SPI_EndRxTxTransaction                   0x08002261   Thumb Code    98  stm32f4xx_hal_spi.o(i.SPI_EndRxTxTransaction)
    i.SPI_WaitFlagStateUntilTimeout          0x080022cc   Section        0  stm32f4xx_hal_spi.o(i.SPI_WaitFlagStateUntilTimeout)
    SPI_WaitFlagStateUntilTimeout            0x080022cd   Thumb Code   182  stm32f4xx_hal_spi.o(i.SPI_WaitFlagStateUntilTimeout)
    i.ST7789_DrawColor                       0x08002388   Section        0  st7789.o(i.ST7789_DrawColor)
    i.ST7789_DrawLine                        0x0800239e   Section        0  st7789.o(i.ST7789_DrawLine)
    i.ST7789_DrawPoint                       0x08002436   Section        0  st7789.o(i.ST7789_DrawPoint)
    i.ST7789_DrawRectangle                   0x0800244c   Section        0  st7789.o(i.ST7789_DrawRectangle)
    i.ST7789_FillColor                       0x08002490   Section        0  st7789.o(i.ST7789_FillColor)
    i.ST7789_Init                            0x080024c4   Section        0  st7789.o(i.ST7789_Init)
    i.ST7789_ShowChar                        0x0800251c   Section        0  st7789.o(i.ST7789_ShowChar)
    i.ST7789_ShowRTC                         0x080025f8   Section        0  st7789.o(i.ST7789_ShowRTC)
    i.ST7789_ShowString                      0x08002688   Section        0  st7789.o(i.ST7789_ShowString)
    i.ST7789_WindowWrite                     0x080026d8   Section        0  st7789.o(i.ST7789_WindowWrite)
    i.ST7789_WriteCommand                    0x0800272c   Section        0  st7789.o(i.ST7789_WriteCommand)
    ST7789_WriteCommand                      0x0800272d   Thumb Code    34  st7789.o(i.ST7789_WriteCommand)
    i.ST7789_WriteData                       0x08002758   Section        0  st7789.o(i.ST7789_WriteData)
    ST7789_WriteData                         0x08002759   Thumb Code    28  st7789.o(i.ST7789_WriteData)
    i.ST7789_Write_ArrayData                 0x08002778   Section        0  st7789.o(i.ST7789_Write_ArrayData)
    i.ST7789_fillArea                        0x080027a0   Section        0  st7789.o(i.ST7789_fillArea)
    i.SVC_Handler                            0x080027c4   Section        0  stm32f4xx_it.o(i.SVC_Handler)
    i.SY7789_RESET                           0x080027c8   Section        0  st7789.o(i.SY7789_RESET)
    i.SysTick_Handler                        0x080027f4   Section        0  stm32f4xx_it.o(i.SysTick_Handler)
    i.SystemClock_Config                     0x080027f8   Section        0  main.o(i.SystemClock_Config)
    i.SystemInit                             0x08002890   Section        0  system_stm32f4xx.o(i.SystemInit)
    i.Touch_ReadMemReg                       0x080028a0   Section        0  touch.o(i.Touch_ReadMemReg)
    i.Touch_ReadMemRegs                      0x080028bc   Section        0  touch.o(i.Touch_ReadMemRegs)
    i.Touch_Scan                             0x080028d8   Section        0  touch.o(i.Touch_Scan)
    i.UART_EndRxTransfer                     0x0800294c   Section        0  stm32f4xx_hal_uart.o(i.UART_EndRxTransfer)
    UART_EndRxTransfer                       0x0800294d   Thumb Code    78  stm32f4xx_hal_uart.o(i.UART_EndRxTransfer)
    i.UART_SetConfig                         0x0800299c   Section        0  stm32f4xx_hal_uart.o(i.UART_SetConfig)
    UART_SetConfig                           0x0800299d   Thumb Code   258  stm32f4xx_hal_uart.o(i.UART_SetConfig)
    i.UART_WaitOnFlagUntilTimeout            0x08002aa8   Section        0  stm32f4xx_hal_uart.o(i.UART_WaitOnFlagUntilTimeout)
    UART_WaitOnFlagUntilTimeout              0x08002aa9   Thumb Code   114  stm32f4xx_hal_uart.o(i.UART_WaitOnFlagUntilTimeout)
    i.UI_ActiveUpdate                        0x08002b1c   Section        0  ui.o(i.UI_ActiveUpdate)
    i.UI_ScreenOff                           0x08002b2c   Section        0  ui.o(i.UI_ScreenOff)
    i.UI_ScreenOn                            0x08002b48   Section        0  ui.o(i.UI_ScreenOn)
    i.UsageFault_Handler                     0x08002b6c   Section        0  stm32f4xx_it.o(i.UsageFault_Handler)
    i.__0printf$6                            0x08002b70   Section        0  printf6.o(i.__0printf$6)
    i.__0sprintf$6                           0x08002b90   Section        0  printf6.o(i.__0sprintf$6)
    i.__NVIC_SetPriority                     0x08002bb8   Section        0  stm32f4xx_hal_cortex.o(i.__NVIC_SetPriority)
    __NVIC_SetPriority                       0x08002bb9   Thumb Code    32  stm32f4xx_hal_cortex.o(i.__NVIC_SetPriority)
    i.__scatterload_copy                     0x08002bd8   Section       14  handlers.o(i.__scatterload_copy)
    i.__scatterload_null                     0x08002be6   Section        2  handlers.o(i.__scatterload_null)
    i.__scatterload_zeroinit                 0x08002be8   Section       14  handlers.o(i.__scatterload_zeroinit)
    i._printf_core                           0x08002bf8   Section        0  printf6.o(i._printf_core)
    _printf_core                             0x08002bf9   Thumb Code   748  printf6.o(i._printf_core)
    i._printf_post_padding                   0x08002ee8   Section        0  printf6.o(i._printf_post_padding)
    _printf_post_padding                     0x08002ee9   Thumb Code    36  printf6.o(i._printf_post_padding)
    i._printf_pre_padding                    0x08002f0c   Section        0  printf6.o(i._printf_pre_padding)
    _printf_pre_padding                      0x08002f0d   Thumb Code    46  printf6.o(i._printf_pre_padding)
    i._sputc                                 0x08002f3a   Section        0  printf6.o(i._sputc)
    _sputc                                   0x08002f3b   Thumb Code    10  printf6.o(i._sputc)
    i.fputc                                  0x08002f44   Section        0  usart.o(i.fputc)
    i.main                                   0x08002f5c   Section        0  main.o(i.main)
    i.mpu6050_GetAccelData                   0x08003064   Section        0  mpu6050.o(i.mpu6050_GetAccelData)
    i.mpu6050_GetGyroData                    0x08003090   Section        0  mpu6050.o(i.mpu6050_GetGyroData)
    i.mpu6050_Init                           0x080030bc   Section        0  mpu6050.o(i.mpu6050_Init)
    i.mpu6050_ReadMemRegs                    0x080030f8   Section        0  mpu6050.o(i.mpu6050_ReadMemRegs)
    i.mpu6050_Test                           0x08003114   Section        0  mpu6050.o(i.mpu6050_Test)
    i.mpu6050_WriteMemReg                    0x0800316c   Section        0  mpu6050.o(i.mpu6050_WriteMemReg)
    i.touch_Y_Change                         0x08003190   Section        0  touch.o(i.touch_Y_Change)
    i.ui_DrawHealth                          0x080031b8   Section        0  ui.o(i.ui_DrawHealth)
    i.ui_DrawHome                            0x08003210   Section        0  ui.o(i.ui_DrawHome)
    i.ui_DrawMenu                            0x08003220   Section        0  ui.o(i.ui_DrawMenu)
    i.ui_DrawPageHandle                      0x080032f0   Section        0  ui.o(i.ui_DrawPageHandle)
    i.ui_DrawPicture                         0x08003388   Section        0  ui.o(i.ui_DrawPicture)
    i.ui_DrawRectangleButton                 0x080033f4   Section        0  ui.o(i.ui_DrawRectangleButton)
    i.ui_DrawTouchCoord                      0x08003428   Section        0  ui.o(i.ui_DrawTouchCoord)
    i.ui_InArea                              0x08003454   Section        0  ui.o(i.ui_InArea)
    i.ui_ShowPage                            0x08003474   Section        0  ui.o(i.ui_ShowPage)
    i.ui_SlideHandle                         0x080034a8   Section        0  ui.o(i.ui_SlideHandle)
    i.ui_UpState                             0x08003590   Section        0  ui.o(i.ui_UpState)
    i.ui_mpu6050_DrawData                    0x080036cc   Section        0  ui.o(i.ui_mpu6050_DrawData)
    i.ui_touchhandle                         0x080036f4   Section        0  ui.o(i.ui_touchhandle)
    .constdata                               0x080037d8   Section       16  system_stm32f4xx.o(.constdata)
    .constdata                               0x080037e8   Section        8  system_stm32f4xx.o(.constdata)
    .constdata                               0x080037f0   Section     1584  st7789_font.o(.constdata)
    .constdata                               0x08003e20   Section     3420  st7789_font.o(.constdata)
    .constdata                               0x08004b7c   Section     4560  st7789_font.o(.constdata)
    .constdata                               0x08005d4c   Section     1520  st7789_font.o(.constdata)
    .data                                    0x20000000   Section       14  main.o(.data)
    .data                                    0x2000000e   Section        2  main.o(.data)
    .data                                    0x20000010   Section        2  main.o(.data)
    .data                                    0x20000012   Section        2  main.o(.data)
    .data                                    0x20000014   Section        2  main.o(.data)
    .data                                    0x20000016   Section        2  main.o(.data)
    .data                                    0x20000018   Section        2  main.o(.data)
    .data                                    0x2000001c   Section       12  stm32f4xx_hal.o(.data)
    .data                                    0x20000028   Section        4  system_stm32f4xx.o(.data)
    .data                                    0x2000002c   Section        4  myrtc.o(.data)
    .data                                    0x20000030   Section       20  ui.o(.data)
    drawing                                  0x20000032   Data           1  ui.o(.data)
    touch_down                               0x20000033   Data           1  ui.o(.data)
    last_x                                   0x20000034   Data           2  ui.o(.data)
    last_y                                   0x20000036   Data           2  ui.o(.data)
    start_x                                  0x20000038   Data           2  ui.o(.data)
    start_y                                  0x2000003a   Data           2  ui.o(.data)
    end_x                                    0x2000003c   Data           2  ui.o(.data)
    end_y                                    0x2000003e   Data           2  ui.o(.data)
    .data                                    0x20000044   Section        6  mpu6050.o(.data)
    last_AX                                  0x20000044   Data           2  mpu6050.o(.data)
    last_AY                                  0x20000046   Data           2  mpu6050.o(.data)
    last_AZ                                  0x20000048   Data           2  mpu6050.o(.data)
    .data                                    0x2000004c   Section        4  stdout.o(.data)
    .bss                                     0x20000050   Section      168  i2c.o(.bss)
    .bss                                     0x200000f8   Section       32  rtc.o(.bss)
    .bss                                     0x20000118   Section       88  spi.o(.bss)
    .bss                                     0x20000170   Section       72  usart.o(.bss)
    .bss                                     0x200001b8   Section       20  myrtc.o(.bss)
    .bss                                     0x200001cc   Section       32  ui.o(.bss)
    STACK                                    0x200001f0   Section     1024  startup_stm32f411xe.o(STACK)

    Global Symbols

    Symbol Name                              Value     Ov Type        Size  Object(Section)

    BuildAttributes$$THM_ISAv4$E$P$D$K$B$S$7EM$VFPi3$EXTD16$VFPS$VFMA$PE$A:L22UL41UL21$X:L11$S22US41US21$IEEE1$IW$USESV6$~STKCKD$USESV7$~SHL$OSPACE$ROPI$EBA8$MICROLIB$REQ8$PRES8$EABIv2 0x00000000   Number         0  anon$$obj.o ABSOLUTE
    __ARM_use_no_argv                        0x00000000   Number         0  main.o ABSOLUTE
    _printf_a                                0x00000000   Number         0  stubs.o ABSOLUTE
    _printf_c                                0x00000000   Number         0  stubs.o ABSOLUTE
    _printf_charcount                        0x00000000   Number         0  stubs.o ABSOLUTE
    _printf_d                                0x00000000   Number         0  stubs.o ABSOLUTE
    _printf_e                                0x00000000   Number         0  stubs.o ABSOLUTE
    _printf_f                                0x00000000   Number         0  stubs.o ABSOLUTE
    _printf_flags                            0x00000000   Number         0  stubs.o ABSOLUTE
    _printf_fp_dec                           0x00000000   Number         0  stubs.o ABSOLUTE
    _printf_fp_hex                           0x00000000   Number         0  stubs.o ABSOLUTE
    _printf_g                                0x00000000   Number         0  stubs.o ABSOLUTE
    _printf_i                                0x00000000   Number         0  stubs.o ABSOLUTE
    _printf_int_dec                          0x00000000   Number         0  stubs.o ABSOLUTE
    _printf_l                                0x00000000   Number         0  stubs.o ABSOLUTE
    _printf_lc                               0x00000000   Number         0  stubs.o ABSOLUTE
    _printf_ll                               0x00000000   Number         0  stubs.o ABSOLUTE
    _printf_lld                              0x00000000   Number         0  stubs.o ABSOLUTE
    _printf_lli                              0x00000000   Number         0  stubs.o ABSOLUTE
    _printf_llo                              0x00000000   Number         0  stubs.o ABSOLUTE
    _printf_llu                              0x00000000   Number         0  stubs.o ABSOLUTE
    _printf_llx                              0x00000000   Number         0  stubs.o ABSOLUTE
    _printf_longlong_dec                     0x00000000   Number         0  stubs.o ABSOLUTE
    _printf_longlong_hex                     0x00000000   Number         0  stubs.o ABSOLUTE
    _printf_longlong_oct                     0x00000000   Number         0  stubs.o ABSOLUTE
    _printf_ls                               0x00000000   Number         0  stubs.o ABSOLUTE
    _printf_mbtowc                           0x00000000   Number         0  stubs.o ABSOLUTE
    _printf_n                                0x00000000   Number         0  stubs.o ABSOLUTE
    _printf_o                                0x00000000   Number         0  stubs.o ABSOLUTE
    _printf_p                                0x00000000   Number         0  stubs.o ABSOLUTE
    _printf_percent                          0x00000000   Number         0  stubs.o ABSOLUTE
    _printf_pre_padding                      0x00000000   Number         0  stubs.o ABSOLUTE
    _printf_return_value                     0x00000000   Number         0  stubs.o ABSOLUTE
    _printf_s                                0x00000000   Number         0  stubs.o ABSOLUTE
    _printf_sizespec                         0x00000000   Number         0  stubs.o ABSOLUTE
    _printf_str                              0x00000000   Number         0  stubs.o ABSOLUTE
    _printf_truncate_signed                  0x00000000   Number         0  stubs.o ABSOLUTE
    _printf_truncate_unsigned                0x00000000   Number         0  stubs.o ABSOLUTE
    _printf_u                                0x00000000   Number         0  stubs.o ABSOLUTE
    _printf_wc                               0x00000000   Number         0  stubs.o ABSOLUTE
    _printf_wctomb                           0x00000000   Number         0  stubs.o ABSOLUTE
    _printf_widthprec                        0x00000000   Number         0  stubs.o ABSOLUTE
    _printf_x                                0x00000000   Number         0  stubs.o ABSOLUTE
    __arm_fini_                               - Undefined Weak Reference
    __cpp_initialize__aeabi_                  - Undefined Weak Reference
    __cxa_finalize                            - Undefined Weak Reference
    __decompress                              - Undefined Weak Reference
    _clock_init                               - Undefined Weak Reference
    _microlib_exit                            - Undefined Weak Reference
    __Vectors_Size                           0x00000198   Number         0  startup_stm32f411xe.o ABSOLUTE
    __Vectors                                0x08000000   Data           4  startup_stm32f411xe.o(RESET)
    __Vectors_End                            0x08000198   Data           0  startup_stm32f411xe.o(RESET)
    __main                                   0x08000199   Thumb Code     0  entry.o(.ARM.Collect$$$$00000000)
    _main_stk                                0x08000199   Thumb Code     0  entry2.o(.ARM.Collect$$$$00000001)
    _main_scatterload                        0x0800019d   Thumb Code     0  entry5.o(.ARM.Collect$$$$00000004)
    __main_after_scatterload                 0x080001a1   Thumb Code     0  entry5.o(.ARM.Collect$$$$00000004)
    _main_clock                              0x080001a1   Thumb Code     0  entry7b.o(.ARM.Collect$$$$00000008)
    _main_cpp_init                           0x080001a1   Thumb Code     0  entry8b.o(.ARM.Collect$$$$0000000A)
    _main_init                               0x080001a1   Thumb Code     0  entry9a.o(.ARM.Collect$$$$0000000B)
    __rt_lib_shutdown_fini                   0x080001a9   Thumb Code     0  entry12b.o(.ARM.Collect$$$$0000000E)
    __rt_final_cpp                           0x080001ad   Thumb Code     0  entry10a.o(.ARM.Collect$$$$0000000F)
    __rt_final_exit                          0x080001ad   Thumb Code     0  entry11a.o(.ARM.Collect$$$$00000011)
    Reset_Handler                            0x080001b1   Thumb Code     8  startup_stm32f411xe.o(.text)
    ADC_IRQHandler                           0x080001cb   Thumb Code     0  startup_stm32f411xe.o(.text)
    DMA1_Stream0_IRQHandler                  0x080001cb   Thumb Code     0  startup_stm32f411xe.o(.text)
    DMA1_Stream1_IRQHandler                  0x080001cb   Thumb Code     0  startup_stm32f411xe.o(.text)
    DMA1_Stream2_IRQHandler                  0x080001cb   Thumb Code     0  startup_stm32f411xe.o(.text)
    DMA1_Stream3_IRQHandler                  0x080001cb   Thumb Code     0  startup_stm32f411xe.o(.text)
    DMA1_Stream4_IRQHandler                  0x080001cb   Thumb Code     0  startup_stm32f411xe.o(.text)
    DMA1_Stream5_IRQHandler                  0x080001cb   Thumb Code     0  startup_stm32f411xe.o(.text)
    DMA1_Stream6_IRQHandler                  0x080001cb   Thumb Code     0  startup_stm32f411xe.o(.text)
    DMA1_Stream7_IRQHandler                  0x080001cb   Thumb Code     0  startup_stm32f411xe.o(.text)
    DMA2_Stream0_IRQHandler                  0x080001cb   Thumb Code     0  startup_stm32f411xe.o(.text)
    DMA2_Stream1_IRQHandler                  0x080001cb   Thumb Code     0  startup_stm32f411xe.o(.text)
    DMA2_Stream2_IRQHandler                  0x080001cb   Thumb Code     0  startup_stm32f411xe.o(.text)
    DMA2_Stream3_IRQHandler                  0x080001cb   Thumb Code     0  startup_stm32f411xe.o(.text)
    DMA2_Stream4_IRQHandler                  0x080001cb   Thumb Code     0  startup_stm32f411xe.o(.text)
    DMA2_Stream5_IRQHandler                  0x080001cb   Thumb Code     0  startup_stm32f411xe.o(.text)
    DMA2_Stream6_IRQHandler                  0x080001cb   Thumb Code     0  startup_stm32f411xe.o(.text)
    DMA2_Stream7_IRQHandler                  0x080001cb   Thumb Code     0  startup_stm32f411xe.o(.text)
    EXTI0_IRQHandler                         0x080001cb   Thumb Code     0  startup_stm32f411xe.o(.text)
    EXTI15_10_IRQHandler                     0x080001cb   Thumb Code     0  startup_stm32f411xe.o(.text)
    EXTI1_IRQHandler                         0x080001cb   Thumb Code     0  startup_stm32f411xe.o(.text)
    EXTI2_IRQHandler                         0x080001cb   Thumb Code     0  startup_stm32f411xe.o(.text)
    EXTI3_IRQHandler                         0x080001cb   Thumb Code     0  startup_stm32f411xe.o(.text)
    EXTI4_IRQHandler                         0x080001cb   Thumb Code     0  startup_stm32f411xe.o(.text)
    FLASH_IRQHandler                         0x080001cb   Thumb Code     0  startup_stm32f411xe.o(.text)
    FPU_IRQHandler                           0x080001cb   Thumb Code     0  startup_stm32f411xe.o(.text)
    I2C1_ER_IRQHandler                       0x080001cb   Thumb Code     0  startup_stm32f411xe.o(.text)
    I2C1_EV_IRQHandler                       0x080001cb   Thumb Code     0  startup_stm32f411xe.o(.text)
    I2C2_ER_IRQHandler                       0x080001cb   Thumb Code     0  startup_stm32f411xe.o(.text)
    I2C2_EV_IRQHandler                       0x080001cb   Thumb Code     0  startup_stm32f411xe.o(.text)
    I2C3_ER_IRQHandler                       0x080001cb   Thumb Code     0  startup_stm32f411xe.o(.text)
    I2C3_EV_IRQHandler                       0x080001cb   Thumb Code     0  startup_stm32f411xe.o(.text)
    OTG_FS_IRQHandler                        0x080001cb   Thumb Code     0  startup_stm32f411xe.o(.text)
    OTG_FS_WKUP_IRQHandler                   0x080001cb   Thumb Code     0  startup_stm32f411xe.o(.text)
    PVD_IRQHandler                           0x080001cb   Thumb Code     0  startup_stm32f411xe.o(.text)
    RCC_IRQHandler                           0x080001cb   Thumb Code     0  startup_stm32f411xe.o(.text)
    RTC_Alarm_IRQHandler                     0x080001cb   Thumb Code     0  startup_stm32f411xe.o(.text)
    RTC_WKUP_IRQHandler                      0x080001cb   Thumb Code     0  startup_stm32f411xe.o(.text)
    SDIO_IRQHandler                          0x080001cb   Thumb Code     0  startup_stm32f411xe.o(.text)
    SPI1_IRQHandler                          0x080001cb   Thumb Code     0  startup_stm32f411xe.o(.text)
    SPI2_IRQHandler                          0x080001cb   Thumb Code     0  startup_stm32f411xe.o(.text)
    SPI3_IRQHandler                          0x080001cb   Thumb Code     0  startup_stm32f411xe.o(.text)
    SPI4_IRQHandler                          0x080001cb   Thumb Code     0  startup_stm32f411xe.o(.text)
    SPI5_IRQHandler                          0x080001cb   Thumb Code     0  startup_stm32f411xe.o(.text)
    TAMP_STAMP_IRQHandler                    0x080001cb   Thumb Code     0  startup_stm32f411xe.o(.text)
    TIM1_BRK_TIM9_IRQHandler                 0x080001cb   Thumb Code     0  startup_stm32f411xe.o(.text)
    TIM1_CC_IRQHandler                       0x080001cb   Thumb Code     0  startup_stm32f411xe.o(.text)
    TIM1_TRG_COM_TIM11_IRQHandler            0x080001cb   Thumb Code     0  startup_stm32f411xe.o(.text)
    TIM1_UP_TIM10_IRQHandler                 0x080001cb   Thumb Code     0  startup_stm32f411xe.o(.text)
    TIM2_IRQHandler                          0x080001cb   Thumb Code     0  startup_stm32f411xe.o(.text)
    TIM3_IRQHandler                          0x080001cb   Thumb Code     0  startup_stm32f411xe.o(.text)
    TIM4_IRQHandler                          0x080001cb   Thumb Code     0  startup_stm32f411xe.o(.text)
    TIM5_IRQHandler                          0x080001cb   Thumb Code     0  startup_stm32f411xe.o(.text)
    USART1_IRQHandler                        0x080001cb   Thumb Code     0  startup_stm32f411xe.o(.text)
    USART2_IRQHandler                        0x080001cb   Thumb Code     0  startup_stm32f411xe.o(.text)
    USART6_IRQHandler                        0x080001cb   Thumb Code     0  startup_stm32f411xe.o(.text)
    WWDG_IRQHandler                          0x080001cb   Thumb Code     0  startup_stm32f411xe.o(.text)
    __aeabi_uldivmod                         0x080001d5   Thumb Code    98  uldiv.o(.text)
    __aeabi_memset                           0x08000237   Thumb Code    14  memseta.o(.text)
    __aeabi_memset4                          0x08000237   Thumb Code     0  memseta.o(.text)
    __aeabi_memset8                          0x08000237   Thumb Code     0  memseta.o(.text)
    __aeabi_memclr                           0x08000245   Thumb Code     4  memseta.o(.text)
    __aeabi_memclr4                          0x08000245   Thumb Code     0  memseta.o(.text)
    __aeabi_memclr8                          0x08000245   Thumb Code     0  memseta.o(.text)
    _memset$wrapper                          0x08000249   Thumb Code    18  memseta.o(.text)
    __aeabi_uidiv                            0x0800025b   Thumb Code     0  uidiv.o(.text)
    __aeabi_uidivmod                         0x0800025b   Thumb Code    44  uidiv.o(.text)
    __aeabi_llsl                             0x08000287   Thumb Code    30  llshl.o(.text)
    _ll_shift_l                              0x08000287   Thumb Code     0  llshl.o(.text)
    __aeabi_llsr                             0x080002a5   Thumb Code    32  llushr.o(.text)
    _ll_ushift_r                             0x080002a5   Thumb Code     0  llushr.o(.text)
    __scatterload                            0x080002c5   Thumb Code    28  init.o(.text)
    __scatterload_rt2                        0x080002c5   Thumb Code     0  init.o(.text)
    BusFault_Handler                         0x080002e9   Thumb Code     2  stm32f4xx_it.o(i.BusFault_Handler)
    DebugMon_Handler                         0x080002eb   Thumb Code     2  stm32f4xx_it.o(i.DebugMon_Handler)
    EXTI9_5_IRQHandler                       0x080002ed   Thumb Code     6  stm32f4xx_it.o(i.EXTI9_5_IRQHandler)
    Error_Handler                            0x080002f3   Thumb Code     4  main.o(i.Error_Handler)
    HAL_Delay                                0x080002f9   Thumb Code    32  stm32f4xx_hal.o(i.HAL_Delay)
    HAL_GPIO_EXTI_Callback                   0x0800031d   Thumb Code    12  main.o(i.HAL_GPIO_EXTI_Callback)
    HAL_GPIO_EXTI_IRQHandler                 0x0800032d   Thumb Code    18  stm32f4xx_hal_gpio.o(i.HAL_GPIO_EXTI_IRQHandler)
    HAL_GPIO_Init                            0x08000345   Thumb Code   446  stm32f4xx_hal_gpio.o(i.HAL_GPIO_Init)
    HAL_GPIO_WritePin                        0x08000525   Thumb Code    10  stm32f4xx_hal_gpio.o(i.HAL_GPIO_WritePin)
    HAL_GetTick                              0x08000531   Thumb Code     6  stm32f4xx_hal.o(i.HAL_GetTick)
    HAL_I2C_Init                             0x0800053d   Thumb Code   376  stm32f4xx_hal_i2c.o(i.HAL_I2C_Init)
    HAL_I2C_Mem_Read                         0x080006c5   Thumb Code   502  stm32f4xx_hal_i2c.o(i.HAL_I2C_Mem_Read)
    HAL_I2C_Mem_Write                        0x080008c9   Thumb Code   294  stm32f4xx_hal_i2c.o(i.HAL_I2C_Mem_Write)
    HAL_I2C_MspInit                          0x080009f9   Thumb Code   180  i2c.o(i.HAL_I2C_MspInit)
    HAL_IncTick                              0x08000abd   Thumb Code    12  stm32f4xx_hal.o(i.HAL_IncTick)
    HAL_Init                                 0x08000acd   Thumb Code    48  stm32f4xx_hal.o(i.HAL_Init)
    HAL_InitTick                             0x08000b01   Thumb Code    54  stm32f4xx_hal.o(i.HAL_InitTick)
    HAL_MspInit                              0x08000b41   Thumb Code    42  stm32f4xx_hal_msp.o(i.HAL_MspInit)
    HAL_NVIC_EnableIRQ                       0x08000b71   Thumb Code    26  stm32f4xx_hal_cortex.o(i.HAL_NVIC_EnableIRQ)
    HAL_NVIC_SetPriority                     0x08000b8d   Thumb Code    60  stm32f4xx_hal_cortex.o(i.HAL_NVIC_SetPriority)
    HAL_NVIC_SetPriorityGrouping             0x08000bcd   Thumb Code    26  stm32f4xx_hal_cortex.o(i.HAL_NVIC_SetPriorityGrouping)
    HAL_RCCEx_PeriphCLKConfig                0x08000bf1   Thumb Code   314  stm32f4xx_hal_rcc_ex.o(i.HAL_RCCEx_PeriphCLKConfig)
    HAL_RCC_ClockConfig                      0x08000d45   Thumb Code   288  stm32f4xx_hal_rcc.o(i.HAL_RCC_ClockConfig)
    HAL_RCC_GetPCLK1Freq                     0x08000e79   Thumb Code    20  stm32f4xx_hal_rcc.o(i.HAL_RCC_GetPCLK1Freq)
    HAL_RCC_GetPCLK2Freq                     0x08000e99   Thumb Code    20  stm32f4xx_hal_rcc.o(i.HAL_RCC_GetPCLK2Freq)
    HAL_RCC_GetSysClockFreq                  0x08000eb9   Thumb Code    88  stm32f4xx_hal_rcc.o(i.HAL_RCC_GetSysClockFreq)
    HAL_RCC_OscConfig                        0x08000f1d   Thumb Code   856  stm32f4xx_hal_rcc.o(i.HAL_RCC_OscConfig)
    HAL_RTCEx_BKUPRead                       0x08001289   Thumb Code    10  stm32f4xx_hal_rtc_ex.o(i.HAL_RTCEx_BKUPRead)
    HAL_RTCEx_BKUPWrite                      0x08001293   Thumb Code    10  stm32f4xx_hal_rtc_ex.o(i.HAL_RTCEx_BKUPWrite)
    HAL_RTCEx_SetWakeUpTimer                 0x0800129d   Thumb Code   210  stm32f4xx_hal_rtc_ex.o(i.HAL_RTCEx_SetWakeUpTimer)
    HAL_RTC_GetDate                          0x08001371   Thumb Code    62  stm32f4xx_hal_rtc.o(i.HAL_RTC_GetDate)
    HAL_RTC_GetTime                          0x080013b5   Thumb Code    78  stm32f4xx_hal_rtc.o(i.HAL_RTC_GetTime)
    HAL_RTC_Init                             0x08001409   Thumb Code   150  stm32f4xx_hal_rtc.o(i.HAL_RTC_Init)
    HAL_RTC_MspInit                          0x080014a5   Thumb Code    52  rtc.o(i.HAL_RTC_MspInit)
    HAL_RTC_SetDate                          0x080014e1   Thumb Code   146  stm32f4xx_hal_rtc.o(i.HAL_RTC_SetDate)
    HAL_RTC_SetTime                          0x08001579   Thumb Code   186  stm32f4xx_hal_rtc.o(i.HAL_RTC_SetTime)
    HAL_RTC_WaitForSynchro                   0x08001639   Thumb Code    50  stm32f4xx_hal_rtc.o(i.HAL_RTC_WaitForSynchro)
    HAL_SPI_Init                             0x08001671   Thumb Code   188  stm32f4xx_hal_spi.o(i.HAL_SPI_Init)
    HAL_SPI_MspInit                          0x0800172d   Thumb Code    92  spi.o(i.HAL_SPI_MspInit)
    HAL_SPI_Transmit                         0x08001795   Thumb Code   358  stm32f4xx_hal_spi.o(i.HAL_SPI_Transmit)
    HAL_SYSTICK_Config                       0x080018fb   Thumb Code    40  stm32f4xx_hal_cortex.o(i.HAL_SYSTICK_Config)
    HAL_UART_Init                            0x08001923   Thumb Code   100  stm32f4xx_hal_uart.o(i.HAL_UART_Init)
    HAL_UART_MspInit                         0x08001989   Thumb Code    94  usart.o(i.HAL_UART_MspInit)
    HAL_UART_Transmit                        0x080019f5   Thumb Code   160  stm32f4xx_hal_uart.o(i.HAL_UART_Transmit)
    HardFault_Handler                        0x08001a95   Thumb Code     2  stm32f4xx_it.o(i.HardFault_Handler)
    MX_GPIO_Init                             0x08001f05   Thumb Code   182  gpio.o(i.MX_GPIO_Init)
    MX_I2C1_Init                             0x08001fc9   Thumb Code    50  i2c.o(i.MX_I2C1_Init)
    MX_I2C2_Init                             0x08002009   Thumb Code    50  i2c.o(i.MX_I2C2_Init)
    MX_RTC_Init                              0x08002049   Thumb Code   136  rtc.o(i.MX_RTC_Init)
    MX_SPI1_Init                             0x080020d9   Thumb Code    62  spi.o(i.MX_SPI1_Init)
    MX_USART1_UART_Init                      0x08002121   Thumb Code    48  usart.o(i.MX_USART1_UART_Init)
    MYRTC_Init                               0x08002159   Thumb Code    86  myrtc.o(i.MYRTC_Init)
    MemManage_Handler                        0x080021bd   Thumb Code     2  stm32f4xx_it.o(i.MemManage_Handler)
    NMI_Handler                              0x080021bf   Thumb Code     2  stm32f4xx_it.o(i.NMI_Handler)
    PendSV_Handler                           0x080021c1   Thumb Code     2  stm32f4xx_it.o(i.PendSV_Handler)
    RTC_Bcd2ToByte                           0x080021c3   Thumb Code    18  stm32f4xx_hal_rtc.o(i.RTC_Bcd2ToByte)
    RTC_ByteToBcd2                           0x080021d5   Thumb Code    22  stm32f4xx_hal_rtc.o(i.RTC_ByteToBcd2)
    RTC_EnterInitMode                        0x080021ed   Thumb Code    72  stm32f4xx_hal_rtc.o(i.RTC_EnterInitMode)
    RTC_ExitInitMode                         0x08002235   Thumb Code    42  stm32f4xx_hal_rtc.o(i.RTC_ExitInitMode)
    ST7789_DrawColor                         0x08002389   Thumb Code    22  st7789.o(i.ST7789_DrawColor)
    ST7789_DrawLine                          0x0800239f   Thumb Code   152  st7789.o(i.ST7789_DrawLine)
    ST7789_DrawPoint                         0x08002437   Thumb Code    22  st7789.o(i.ST7789_DrawPoint)
    ST7789_DrawRectangle                     0x0800244d   Thumb Code    68  st7789.o(i.ST7789_DrawRectangle)
    ST7789_FillColor                         0x08002491   Thumb Code    46  st7789.o(i.ST7789_FillColor)
    ST7789_Init                              0x080024c5   Thumb Code    82  st7789.o(i.ST7789_Init)
    ST7789_ShowChar                          0x0800251d   Thumb Code   200  st7789.o(i.ST7789_ShowChar)
    ST7789_ShowRTC                           0x080025f9   Thumb Code    98  st7789.o(i.ST7789_ShowRTC)
    ST7789_ShowString                        0x08002689   Thumb Code    80  st7789.o(i.ST7789_ShowString)
    ST7789_WindowWrite                       0x080026d9   Thumb Code    82  st7789.o(i.ST7789_WindowWrite)
    ST7789_Write_ArrayData                   0x08002779   Thumb Code    34  st7789.o(i.ST7789_Write_ArrayData)
    ST7789_fillArea                          0x080027a1   Thumb Code    36  st7789.o(i.ST7789_fillArea)
    SVC_Handler                              0x080027c5   Thumb Code     2  stm32f4xx_it.o(i.SVC_Handler)
    SY7789_RESET                             0x080027c9   Thumb Code    40  st7789.o(i.SY7789_RESET)
    SysTick_Handler                          0x080027f5   Thumb Code     4  stm32f4xx_it.o(i.SysTick_Handler)
    SystemClock_Config                       0x080027f9   Thumb Code   142  main.o(i.SystemClock_Config)
    SystemInit                               0x08002891   Thumb Code    12  system_stm32f4xx.o(i.SystemInit)
    Touch_ReadMemReg                         0x080028a1   Thumb Code    24  touch.o(i.Touch_ReadMemReg)
    Touch_ReadMemRegs                        0x080028bd   Thumb Code    22  touch.o(i.Touch_ReadMemRegs)
    Touch_Scan                               0x080028d9   Thumb Code   116  touch.o(i.Touch_Scan)
    UI_ActiveUpdate                          0x08002b1d   Thumb Code    12  ui.o(i.UI_ActiveUpdate)
    UI_ScreenOff                             0x08002b2d   Thumb Code    20  ui.o(i.UI_ScreenOff)
    UI_ScreenOn                              0x08002b49   Thumb Code    26  ui.o(i.UI_ScreenOn)
    UsageFault_Handler                       0x08002b6d   Thumb Code     2  stm32f4xx_it.o(i.UsageFault_Handler)
    __0printf$6                              0x08002b71   Thumb Code    22  printf6.o(i.__0printf$6)
    __1printf$6                              0x08002b71   Thumb Code     0  printf6.o(i.__0printf$6)
    __2printf                                0x08002b71   Thumb Code     0  printf6.o(i.__0printf$6)
    __0sprintf$6                             0x08002b91   Thumb Code    34  printf6.o(i.__0sprintf$6)
    __1sprintf$6                             0x08002b91   Thumb Code     0  printf6.o(i.__0sprintf$6)
    __2sprintf                               0x08002b91   Thumb Code     0  printf6.o(i.__0sprintf$6)
    __scatterload_copy                       0x08002bd9   Thumb Code    14  handlers.o(i.__scatterload_copy)
    __scatterload_null                       0x08002be7   Thumb Code     2  handlers.o(i.__scatterload_null)
    __scatterload_zeroinit                   0x08002be9   Thumb Code    14  handlers.o(i.__scatterload_zeroinit)
    fputc                                    0x08002f45   Thumb Code    20  usart.o(i.fputc)
    main                                     0x08002f5d   Thumb Code   248  main.o(i.main)
    mpu6050_GetAccelData                     0x08003065   Thumb Code    44  mpu6050.o(i.mpu6050_GetAccelData)
    mpu6050_GetGyroData                      0x08003091   Thumb Code    44  mpu6050.o(i.mpu6050_GetGyroData)
    mpu6050_Init                             0x080030bd   Thumb Code    60  mpu6050.o(i.mpu6050_Init)
    mpu6050_ReadMemRegs                      0x080030f9   Thumb Code    22  mpu6050.o(i.mpu6050_ReadMemRegs)
    mpu6050_Test                             0x08003115   Thumb Code    84  mpu6050.o(i.mpu6050_Test)
    mpu6050_WriteMemReg                      0x0800316d   Thumb Code    30  mpu6050.o(i.mpu6050_WriteMemReg)
    touch_Y_Change                           0x08003191   Thumb Code    38  touch.o(i.touch_Y_Change)
    ui_DrawHealth                            0x080031b9   Thumb Code    64  ui.o(i.ui_DrawHealth)
    ui_DrawHome                              0x08003211   Thumb Code    16  ui.o(i.ui_DrawHome)
    ui_DrawMenu                              0x08003221   Thumb Code   162  ui.o(i.ui_DrawMenu)
    ui_DrawPageHandle                        0x080032f1   Thumb Code   146  ui.o(i.ui_DrawPageHandle)
    ui_DrawPicture                           0x08003389   Thumb Code    92  ui.o(i.ui_DrawPicture)
    ui_DrawRectangleButton                   0x080033f5   Thumb Code    52  ui.o(i.ui_DrawRectangleButton)
    ui_DrawTouchCoord                        0x08003429   Thumb Code    32  ui.o(i.ui_DrawTouchCoord)
    ui_InArea                                0x08003455   Thumb Code    30  ui.o(i.ui_InArea)
    ui_ShowPage                              0x08003475   Thumb Code    46  ui.o(i.ui_ShowPage)
    ui_SlideHandle                           0x080034a9   Thumb Code   180  ui.o(i.ui_SlideHandle)
    ui_UpState                               0x08003591   Thumb Code   234  ui.o(i.ui_UpState)
    ui_mpu6050_DrawData                      0x080036cd   Thumb Code    32  ui.o(i.ui_mpu6050_DrawData)
    ui_touchhandle                           0x080036f5   Thumb Code   206  ui.o(i.ui_touchhandle)
    AHBPrescTable                            0x080037d8   Data          16  system_stm32f4xx.o(.constdata)
    APBPrescTable                            0x080037e8   Data           8  system_stm32f4xx.o(.constdata)
    NUM_F24x48                               0x080037f0   Data        1584  st7789_font.o(.constdata)
    OLED_F12x24                              0x08003e20   Data        3420  st7789_font.o(.constdata)
    OLED_F16x24                              0x08004b7c   Data        4560  st7789_font.o(.constdata)
    OLED_F8x16                               0x08005d4c   Data        1520  st7789_font.o(.constdata)
    Region$$Table$$Base                      0x0800633c   Number         0  anon$$obj.o(Region$$Table)
    Region$$Table$$Limit                     0x0800635c   Number         0  anon$$obj.o(Region$$Table)
    touch_Flag                               0x20000000   Data           1  main.o(.data)
    last_ui_tick                             0x20000004   Data           4  main.o(.data)
    tp                                       0x20000008   Data           6  main.o(.data)
    AX                                       0x2000000e   Data           2  main.o(.data)
    AY                                       0x20000010   Data           2  main.o(.data)
    AZ                                       0x20000012   Data           2  main.o(.data)
    GX                                       0x20000014   Data           2  main.o(.data)
    GY                                       0x20000016   Data           2  main.o(.data)
    GZ                                       0x20000018   Data           2  main.o(.data)
    uwTickFreq                               0x2000001c   Data           1  stm32f4xx_hal.o(.data)
    uwTickPrio                               0x20000020   Data           4  stm32f4xx_hal.o(.data)
    uwTick                                   0x20000024   Data           4  stm32f4xx_hal.o(.data)
    SystemCoreClock                          0x20000028   Data           4  system_stm32f4xx.o(.data)
    sData                                    0x2000002c   Data           4  myrtc.o(.data)
    ui_face                                  0x20000030   Data           1  ui.o(.data)
    screen_on                                0x20000031   Data           1  ui.o(.data)
    last_active_tick                         0x20000040   Data           4  ui.o(.data)
    __stdout                                 0x2000004c   Data           4  stdout.o(.data)
    hi2c1                                    0x20000050   Data          84  i2c.o(.bss)
    hi2c2                                    0x200000a4   Data          84  i2c.o(.bss)
    hrtc                                     0x200000f8   Data          32  rtc.o(.bss)
    hspi1                                    0x20000118   Data          88  spi.o(.bss)
    huart1                                   0x20000170   Data          72  usart.o(.bss)
    sTime                                    0x200001b8   Data          20  myrtc.o(.bss)
    buf                                      0x200001cc   Data          32  ui.o(.bss)
    __initial_sp                             0x200005f0   Data           0  startup_stm32f411xe.o(STACK)



==============================================================================

Memory Map of the image

  Image Entry point : 0x08000199

  Load Region LR_IROM1 (Base: 0x08000000, Size: 0x000063ac, Max: 0x00080000, ABSOLUTE)

    Execution Region ER_IROM1 (Exec base: 0x08000000, Load base: 0x08000000, Size: 0x0000635c, Max: 0x00080000, ABSOLUTE)

    Exec Addr    Load Addr    Size         Type   Attr      Idx    E Section Name        Object

    0x08000000   0x08000000   0x00000198   Data   RO            3    RESET               startup_stm32f411xe.o
    0x08000198   0x08000198   0x00000000   Code   RO         3763  * .ARM.Collect$$$$00000000  mc_w.l(entry.o)
    0x08000198   0x08000198   0x00000004   Code   RO         4031    .ARM.Collect$$$$00000001  mc_w.l(entry2.o)
    0x0800019c   0x0800019c   0x00000004   Code   RO         4034    .ARM.Collect$$$$00000004  mc_w.l(entry5.o)
    0x080001a0   0x080001a0   0x00000000   Code   RO         4036    .ARM.Collect$$$$00000008  mc_w.l(entry7b.o)
    0x080001a0   0x080001a0   0x00000000   Code   RO         4038    .ARM.Collect$$$$0000000A  mc_w.l(entry8b.o)
    0x080001a0   0x080001a0   0x00000008   Code   RO         4039    .ARM.Collect$$$$0000000B  mc_w.l(entry9a.o)
    0x080001a8   0x080001a8   0x00000004   Code   RO         4046    .ARM.Collect$$$$0000000E  mc_w.l(entry12b.o)
    0x080001ac   0x080001ac   0x00000000   Code   RO         4041    .ARM.Collect$$$$0000000F  mc_w.l(entry10a.o)
    0x080001ac   0x080001ac   0x00000000   Code   RO         4043    .ARM.Collect$$$$00000011  mc_w.l(entry11a.o)
    0x080001ac   0x080001ac   0x00000004   Code   RO         4032    .ARM.Collect$$$$00002712  mc_w.l(entry2.o)
    0x080001b0   0x080001b0   0x00000024   Code   RO            4    .text               startup_stm32f411xe.o
    0x080001d4   0x080001d4   0x00000062   Code   RO         3766    .text               mc_w.l(uldiv.o)
    0x08000236   0x08000236   0x00000024   Code   RO         3768    .text               mc_w.l(memseta.o)
    0x0800025a   0x0800025a   0x0000002c   Code   RO         4048    .text               mc_w.l(uidiv.o)
    0x08000286   0x08000286   0x0000001e   Code   RO         4050    .text               mc_w.l(llshl.o)
    0x080002a4   0x080002a4   0x00000020   Code   RO         4052    .text               mc_w.l(llushr.o)
    0x080002c4   0x080002c4   0x00000024   Code   RO         4065    .text               mc_w.l(init.o)
    0x080002e8   0x080002e8   0x00000002   Code   RO          423    i.BusFault_Handler  stm32f4xx_it.o
    0x080002ea   0x080002ea   0x00000002   Code   RO          424    i.DebugMon_Handler  stm32f4xx_it.o
    0x080002ec   0x080002ec   0x00000006   Code   RO          425    i.EXTI9_5_IRQHandler  stm32f4xx_it.o
    0x080002f2   0x080002f2   0x00000004   Code   RO           13    i.Error_Handler     main.o
    0x080002f6   0x080002f6   0x00000002   PAD
    0x080002f8   0x080002f8   0x00000024   Code   RO         1972    i.HAL_Delay         stm32f4xx_hal.o
    0x0800031c   0x0800031c   0x00000010   Code   RO           14    i.HAL_GPIO_EXTI_Callback  main.o
    0x0800032c   0x0800032c   0x00000018   Code   RO         1403    i.HAL_GPIO_EXTI_IRQHandler  stm32f4xx_hal_gpio.o
    0x08000344   0x08000344   0x000001e0   Code   RO         1404    i.HAL_GPIO_Init     stm32f4xx_hal_gpio.o
    0x08000524   0x08000524   0x0000000a   Code   RO         1408    i.HAL_GPIO_WritePin  stm32f4xx_hal_gpio.o
    0x0800052e   0x0800052e   0x00000002   PAD
    0x08000530   0x08000530   0x0000000c   Code   RO         1978    i.HAL_GetTick       stm32f4xx_hal.o
    0x0800053c   0x0800053c   0x00000188   Code   RO          539    i.HAL_I2C_Init      stm32f4xx_hal_i2c.o
    0x080006c4   0x080006c4   0x00000204   Code   RO          557    i.HAL_I2C_Mem_Read  stm32f4xx_hal_i2c.o
    0x080008c8   0x080008c8   0x00000130   Code   RO          560    i.HAL_I2C_Mem_Write  stm32f4xx_hal_i2c.o
    0x080009f8   0x080009f8   0x000000c4   Code   RO          244    i.HAL_I2C_MspInit   i2c.o
    0x08000abc   0x08000abc   0x00000010   Code   RO         1984    i.HAL_IncTick       stm32f4xx_hal.o
    0x08000acc   0x08000acc   0x00000034   Code   RO         1985    i.HAL_Init          stm32f4xx_hal.o
    0x08000b00   0x08000b00   0x00000040   Code   RO         1986    i.HAL_InitTick      stm32f4xx_hal.o
    0x08000b40   0x08000b40   0x00000030   Code   RO          504    i.HAL_MspInit       stm32f4xx_hal_msp.o
    0x08000b70   0x08000b70   0x0000001a   Code   RO         1820    i.HAL_NVIC_EnableIRQ  stm32f4xx_hal_cortex.o
    0x08000b8a   0x08000b8a   0x00000002   PAD
    0x08000b8c   0x08000b8c   0x00000040   Code   RO         1826    i.HAL_NVIC_SetPriority  stm32f4xx_hal_cortex.o
    0x08000bcc   0x08000bcc   0x00000024   Code   RO         1827    i.HAL_NVIC_SetPriorityGrouping  stm32f4xx_hal_cortex.o
    0x08000bf0   0x08000bf0   0x00000154   Code   RO         1101    i.HAL_RCCEx_PeriphCLKConfig  stm32f4xx_hal_rcc_ex.o
    0x08000d44   0x08000d44   0x00000134   Code   RO          996    i.HAL_RCC_ClockConfig  stm32f4xx_hal_rcc.o
    0x08000e78   0x08000e78   0x00000020   Code   RO         1003    i.HAL_RCC_GetPCLK1Freq  stm32f4xx_hal_rcc.o
    0x08000e98   0x08000e98   0x00000020   Code   RO         1004    i.HAL_RCC_GetPCLK2Freq  stm32f4xx_hal_rcc.o
    0x08000eb8   0x08000eb8   0x00000064   Code   RO         1005    i.HAL_RCC_GetSysClockFreq  stm32f4xx_hal_rcc.o
    0x08000f1c   0x08000f1c   0x0000036c   Code   RO         1008    i.HAL_RCC_OscConfig  stm32f4xx_hal_rcc.o
    0x08001288   0x08001288   0x0000000a   Code   RO         2396    i.HAL_RTCEx_BKUPRead  stm32f4xx_hal_rtc_ex.o
    0x08001292   0x08001292   0x0000000a   Code   RO         2397    i.HAL_RTCEx_BKUPWrite  stm32f4xx_hal_rtc_ex.o
    0x0800129c   0x0800129c   0x000000d2   Code   RO         2421    i.HAL_RTCEx_SetWakeUpTimer  stm32f4xx_hal_rtc_ex.o
    0x0800136e   0x0800136e   0x00000002   PAD
    0x08001370   0x08001370   0x00000044   Code   RO         2233    i.HAL_RTC_GetDate   stm32f4xx_hal_rtc.o
    0x080013b4   0x080013b4   0x00000054   Code   RO         2235    i.HAL_RTC_GetTime   stm32f4xx_hal_rtc.o
    0x08001408   0x08001408   0x0000009c   Code   RO         2236    i.HAL_RTC_Init      stm32f4xx_hal_rtc.o
    0x080014a4   0x080014a4   0x0000003c   Code   RO          292    i.HAL_RTC_MspInit   rtc.o
    0x080014e0   0x080014e0   0x00000098   Code   RO         2242    i.HAL_RTC_SetDate   stm32f4xx_hal_rtc.o
    0x08001578   0x08001578   0x000000c0   Code   RO         2243    i.HAL_RTC_SetTime   stm32f4xx_hal_rtc.o
    0x08001638   0x08001638   0x00000038   Code   RO         2244    i.HAL_RTC_WaitForSynchro  stm32f4xx_hal_rtc.o
    0x08001670   0x08001670   0x000000bc   Code   RO         2622    i.HAL_SPI_Init      stm32f4xx_hal_spi.o
    0x0800172c   0x0800172c   0x00000068   Code   RO          334    i.HAL_SPI_MspInit   spi.o
    0x08001794   0x08001794   0x00000166   Code   RO         2630    i.HAL_SPI_Transmit  stm32f4xx_hal_spi.o
    0x080018fa   0x080018fa   0x00000028   Code   RO         1831    i.HAL_SYSTICK_Config  stm32f4xx_hal_cortex.o
    0x08001922   0x08001922   0x00000064   Code   RO         2963    i.HAL_UART_Init     stm32f4xx_hal_uart.o
    0x08001986   0x08001986   0x00000002   PAD
    0x08001988   0x08001988   0x0000006c   Code   RO          376    i.HAL_UART_MspInit  usart.o
    0x080019f4   0x080019f4   0x000000a0   Code   RO         2971    i.HAL_UART_Transmit  stm32f4xx_hal_uart.o
    0x08001a94   0x08001a94   0x00000002   Code   RO          426    i.HardFault_Handler  stm32f4xx_it.o
    0x08001a96   0x08001a96   0x0000002e   Code   RO          582    i.I2C_IsAcknowledgeFailed  stm32f4xx_hal_i2c.o
    0x08001ac4   0x08001ac4   0x000000fc   Code   RO          592    i.I2C_RequestMemoryRead  stm32f4xx_hal_i2c.o
    0x08001bc0   0x08001bc0   0x000000a8   Code   RO          593    i.I2C_RequestMemoryWrite  stm32f4xx_hal_i2c.o
    0x08001c68   0x08001c68   0x00000056   Code   RO          597    i.I2C_WaitOnBTFFlagUntilTimeout  stm32f4xx_hal_i2c.o
    0x08001cbe   0x08001cbe   0x00000002   PAD
    0x08001cc0   0x08001cc0   0x00000090   Code   RO          598    i.I2C_WaitOnFlagUntilTimeout  stm32f4xx_hal_i2c.o
    0x08001d50   0x08001d50   0x000000bc   Code   RO          599    i.I2C_WaitOnMasterAddressFlagUntilTimeout  stm32f4xx_hal_i2c.o
    0x08001e0c   0x08001e0c   0x00000070   Code   RO          600    i.I2C_WaitOnRXNEFlagUntilTimeout  stm32f4xx_hal_i2c.o
    0x08001e7c   0x08001e7c   0x00000056   Code   RO          601    i.I2C_WaitOnTXEFlagUntilTimeout  stm32f4xx_hal_i2c.o
    0x08001ed2   0x08001ed2   0x00000002   PAD
    0x08001ed4   0x08001ed4   0x00000010   Code   RO         3365    i.LCD_CS_0          st7789.o
    0x08001ee4   0x08001ee4   0x00000010   Code   RO         3366    i.LCD_CS_1          st7789.o
    0x08001ef4   0x08001ef4   0x00000010   Code   RO         3367    i.LCD_DC_1          st7789.o
    0x08001f04   0x08001f04   0x000000c4   Code   RO          219    i.MX_GPIO_Init      gpio.o
    0x08001fc8   0x08001fc8   0x00000040   Code   RO          245    i.MX_I2C1_Init      i2c.o
    0x08002008   0x08002008   0x00000040   Code   RO          246    i.MX_I2C2_Init      i2c.o
    0x08002048   0x08002048   0x00000090   Code   RO          293    i.MX_RTC_Init       rtc.o
    0x080020d8   0x080020d8   0x00000048   Code   RO          335    i.MX_SPI1_Init      spi.o
    0x08002120   0x08002120   0x00000038   Code   RO          377    i.MX_USART1_UART_Init  usart.o
    0x08002158   0x08002158   0x00000064   Code   RO         3334    i.MYRTC_Init        myrtc.o
    0x080021bc   0x080021bc   0x00000002   Code   RO          427    i.MemManage_Handler  stm32f4xx_it.o
    0x080021be   0x080021be   0x00000002   Code   RO          428    i.NMI_Handler       stm32f4xx_it.o
    0x080021c0   0x080021c0   0x00000002   Code   RO          429    i.PendSV_Handler    stm32f4xx_it.o
    0x080021c2   0x080021c2   0x00000012   Code   RO         2245    i.RTC_Bcd2ToByte    stm32f4xx_hal_rtc.o
    0x080021d4   0x080021d4   0x00000016   Code   RO         2246    i.RTC_ByteToBcd2    stm32f4xx_hal_rtc.o
    0x080021ea   0x080021ea   0x00000002   PAD
    0x080021ec   0x080021ec   0x00000048   Code   RO         2247    i.RTC_EnterInitMode  stm32f4xx_hal_rtc.o
    0x08002234   0x08002234   0x0000002a   Code   RO         2248    i.RTC_ExitInitMode  stm32f4xx_hal_rtc.o
    0x0800225e   0x0800225e   0x00000002   PAD
    0x08002260   0x08002260   0x0000006c   Code   RO         2660    i.SPI_EndRxTxTransaction  stm32f4xx_hal_spi.o
    0x080022cc   0x080022cc   0x000000bc   Code   RO         2665    i.SPI_WaitFlagStateUntilTimeout  stm32f4xx_hal_spi.o
    0x08002388   0x08002388   0x00000016   Code   RO         3368    i.ST7789_DrawColor  st7789.o
    0x0800239e   0x0800239e   0x00000098   Code   RO         3369    i.ST7789_DrawLine   st7789.o
    0x08002436   0x08002436   0x00000016   Code   RO         3370    i.ST7789_DrawPoint  st7789.o
    0x0800244c   0x0800244c   0x00000044   Code   RO         3371    i.ST7789_DrawRectangle  st7789.o
    0x08002490   0x08002490   0x00000034   Code   RO         3372    i.ST7789_FillColor  st7789.o
    0x080024c4   0x080024c4   0x00000058   Code   RO         3373    i.ST7789_Init       st7789.o
    0x0800251c   0x0800251c   0x000000dc   Code   RO         3374    i.ST7789_ShowChar   st7789.o
    0x080025f8   0x080025f8   0x00000090   Code   RO         3377    i.ST7789_ShowRTC    st7789.o
    0x08002688   0x08002688   0x00000050   Code   RO         3378    i.ST7789_ShowString  st7789.o
    0x080026d8   0x080026d8   0x00000052   Code   RO         3379    i.ST7789_WindowWrite  st7789.o
    0x0800272a   0x0800272a   0x00000002   PAD
    0x0800272c   0x0800272c   0x0000002c   Code   RO         3380    i.ST7789_WriteCommand  st7789.o
    0x08002758   0x08002758   0x00000020   Code   RO         3381    i.ST7789_WriteData  st7789.o
    0x08002778   0x08002778   0x00000028   Code   RO         3382    i.ST7789_Write_ArrayData  st7789.o
    0x080027a0   0x080027a0   0x00000024   Code   RO         3383    i.ST7789_fillArea   st7789.o
    0x080027c4   0x080027c4   0x00000002   Code   RO          430    i.SVC_Handler       stm32f4xx_it.o
    0x080027c6   0x080027c6   0x00000002   PAD
    0x080027c8   0x080027c8   0x0000002c   Code   RO         3384    i.SY7789_RESET      st7789.o
    0x080027f4   0x080027f4   0x00000004   Code   RO          431    i.SysTick_Handler   stm32f4xx_it.o
    0x080027f8   0x080027f8   0x00000098   Code   RO           15    i.SystemClock_Config  main.o
    0x08002890   0x08002890   0x00000010   Code   RO         3297    i.SystemInit        system_stm32f4xx.o
    0x080028a0   0x080028a0   0x0000001c   Code   RO         3534    i.Touch_ReadMemReg  touch.o
    0x080028bc   0x080028bc   0x0000001c   Code   RO         3535    i.Touch_ReadMemRegs  touch.o
    0x080028d8   0x080028d8   0x00000074   Code   RO         3536    i.Touch_Scan        touch.o
    0x0800294c   0x0800294c   0x0000004e   Code   RO         2986    i.UART_EndRxTransfer  stm32f4xx_hal_uart.o
    0x0800299a   0x0800299a   0x00000002   PAD
    0x0800299c   0x0800299c   0x0000010c   Code   RO         2989    i.UART_SetConfig    stm32f4xx_hal_uart.o
    0x08002aa8   0x08002aa8   0x00000072   Code   RO         2992    i.UART_WaitOnFlagUntilTimeout  stm32f4xx_hal_uart.o
    0x08002b1a   0x08002b1a   0x00000002   PAD
    0x08002b1c   0x08002b1c   0x00000010   Code   RO         3577    i.UI_ActiveUpdate   ui.o
    0x08002b2c   0x08002b2c   0x0000001c   Code   RO         3578    i.UI_ScreenOff      ui.o
    0x08002b48   0x08002b48   0x00000024   Code   RO         3579    i.UI_ScreenOn       ui.o
    0x08002b6c   0x08002b6c   0x00000002   Code   RO          432    i.UsageFault_Handler  stm32f4xx_it.o
    0x08002b6e   0x08002b6e   0x00000002   PAD
    0x08002b70   0x08002b70   0x00000020   Code   RO         3925    i.__0printf$6       mc_w.l(printf6.o)
    0x08002b90   0x08002b90   0x00000028   Code   RO         3927    i.__0sprintf$6      mc_w.l(printf6.o)
    0x08002bb8   0x08002bb8   0x00000020   Code   RO         1833    i.__NVIC_SetPriority  stm32f4xx_hal_cortex.o
    0x08002bd8   0x08002bd8   0x0000000e   Code   RO         4073    i.__scatterload_copy  mc_w.l(handlers.o)
    0x08002be6   0x08002be6   0x00000002   Code   RO         4074    i.__scatterload_null  mc_w.l(handlers.o)
    0x08002be8   0x08002be8   0x0000000e   Code   RO         4075    i.__scatterload_zeroinit  mc_w.l(handlers.o)
    0x08002bf6   0x08002bf6   0x00000002   PAD
    0x08002bf8   0x08002bf8   0x000002f0   Code   RO         3932    i._printf_core      mc_w.l(printf6.o)
    0x08002ee8   0x08002ee8   0x00000024   Code   RO         3933    i._printf_post_padding  mc_w.l(printf6.o)
    0x08002f0c   0x08002f0c   0x0000002e   Code   RO         3934    i._printf_pre_padding  mc_w.l(printf6.o)
    0x08002f3a   0x08002f3a   0x0000000a   Code   RO         3936    i._sputc            mc_w.l(printf6.o)
    0x08002f44   0x08002f44   0x00000018   Code   RO          378    i.fputc             usart.o
    0x08002f5c   0x08002f5c   0x00000108   Code   RO           16    i.main              main.o
    0x08003064   0x08003064   0x0000002c   Code   RO         3701    i.mpu6050_GetAccelData  mpu6050.o
    0x08003090   0x08003090   0x0000002c   Code   RO         3702    i.mpu6050_GetGyroData  mpu6050.o
    0x080030bc   0x080030bc   0x0000003c   Code   RO         3703    i.mpu6050_Init      mpu6050.o
    0x080030f8   0x080030f8   0x0000001c   Code   RO         3705    i.mpu6050_ReadMemRegs  mpu6050.o
    0x08003114   0x08003114   0x00000058   Code   RO         3706    i.mpu6050_Test      mpu6050.o
    0x0800316c   0x0800316c   0x00000024   Code   RO         3707    i.mpu6050_WriteMemReg  mpu6050.o
    0x08003190   0x08003190   0x00000026   Code   RO         3537    i.touch_Y_Change    touch.o
    0x080031b6   0x080031b6   0x00000002   PAD
    0x080031b8   0x080031b8   0x00000058   Code   RO         3580    i.ui_DrawHealth     ui.o
    0x08003210   0x08003210   0x00000010   Code   RO         3581    i.ui_DrawHome       ui.o
    0x08003220   0x08003220   0x000000d0   Code   RO         3582    i.ui_DrawMenu       ui.o
    0x080032f0   0x080032f0   0x00000098   Code   RO         3583    i.ui_DrawPageHandle  ui.o
    0x08003388   0x08003388   0x0000006c   Code   RO         3584    i.ui_DrawPicture    ui.o
    0x080033f4   0x080033f4   0x00000034   Code   RO         3585    i.ui_DrawRectangleButton  ui.o
    0x08003428   0x08003428   0x0000002c   Code   RO         3586    i.ui_DrawTouchCoord  ui.o
    0x08003454   0x08003454   0x0000001e   Code   RO         3587    i.ui_InArea         ui.o
    0x08003472   0x08003472   0x00000002   PAD
    0x08003474   0x08003474   0x00000034   Code   RO         3588    i.ui_ShowPage       ui.o
    0x080034a8   0x080034a8   0x000000e8   Code   RO         3589    i.ui_SlideHandle    ui.o
    0x08003590   0x08003590   0x0000013c   Code   RO         3590    i.ui_UpState        ui.o
    0x080036cc   0x080036cc   0x00000028   Code   RO         3591    i.ui_mpu6050_DrawData  ui.o
    0x080036f4   0x080036f4   0x000000e4   Code   RO         3592    i.ui_touchhandle    ui.o
    0x080037d8   0x080037d8   0x00000010   Data   RO         3298    .constdata          system_stm32f4xx.o
    0x080037e8   0x080037e8   0x00000008   Data   RO         3299    .constdata          system_stm32f4xx.o
    0x080037f0   0x080037f0   0x00000630   Data   RO         3503    .constdata          st7789_font.o
    0x08003e20   0x08003e20   0x00000d5c   Data   RO         3504    .constdata          st7789_font.o
    0x08004b7c   0x08004b7c   0x000011d0   Data   RO         3505    .constdata          st7789_font.o
    0x08005d4c   0x08005d4c   0x000005f0   Data   RO         3506    .constdata          st7789_font.o
    0x0800633c   0x0800633c   0x00000020   Data   RO         4071    Region$$Table       anon$$obj.o


    Execution Region RW_IRAM1 (Exec base: 0x20000000, Load base: 0x0800635c, Size: 0x000005f0, Max: 0x00020000, ABSOLUTE)

    Exec Addr    Load Addr    Size         Type   Attr      Idx    E Section Name        Object

    0x20000000   0x0800635c   0x0000000e   Data   RW           17    .data               main.o
    0x2000000e   0x0800636a   0x00000002   Data   RW           18    .data               main.o
    0x20000010   0x0800636c   0x00000002   Data   RW           19    .data               main.o
    0x20000012   0x0800636e   0x00000002   Data   RW           20    .data               main.o
    0x20000014   0x08006370   0x00000002   Data   RW           21    .data               main.o
    0x20000016   0x08006372   0x00000002   Data   RW           22    .data               main.o
    0x20000018   0x08006374   0x00000002   Data   RW           23    .data               main.o
    0x2000001a   0x08006376   0x00000002   PAD
    0x2000001c   0x08006378   0x0000000c   Data   RW         1992    .data               stm32f4xx_hal.o
    0x20000028   0x08006384   0x00000004   Data   RW         3300    .data               system_stm32f4xx.o
    0x2000002c   0x08006388   0x00000004   Data   RW         3336    .data               myrtc.o
    0x20000030   0x0800638c   0x00000014   Data   RW         3594    .data               ui.o
    0x20000044   0x080063a0   0x00000006   Data   RW         3709    .data               mpu6050.o
    0x2000004a   0x080063a6   0x00000002   PAD
    0x2000004c   0x080063a8   0x00000004   Data   RW         4047    .data               mc_w.l(stdout.o)
    0x20000050        -       0x000000a8   Zero   RW          247    .bss                i2c.o
    0x200000f8        -       0x00000020   Zero   RW          294    .bss                rtc.o
    0x20000118        -       0x00000058   Zero   RW          336    .bss                spi.o
    0x20000170        -       0x00000048   Zero   RW          379    .bss                usart.o
    0x200001b8        -       0x00000014   Zero   RW         3335    .bss                myrtc.o
    0x200001cc        -       0x00000020   Zero   RW         3593    .bss                ui.o
    0x200001ec   0x080063ac   0x00000004   PAD
    0x200001f0        -       0x00000400   Zero   RW            1    STACK               startup_stm32f411xe.o


==============================================================================

Image component sizes


      Code (inc. data)   RO Data    RW Data    ZI Data      Debug   Object Name

       196         14          0          0          0        959   gpio.o
       324         44          0          0        168       2314   i2c.o
       436         30          0         26          0     432135   main.o
       300         16          0          6          0       4011   mpu6050.o
       100         14          0          4         20        731   myrtc.o
       204         16          0          0         32       1655   rtc.o
       176         22          0          0         88       1629   spi.o
      1174        120          0          0          0      12160   st7789.o
         0          0      11084          0          0       1278   st7789_font.o
        36          8        408          0       1024        820   startup_stm32f411xe.o
       180         28          0         12          0       9153   stm32f4xx_hal.o
       198         14          0          0          0      33759   stm32f4xx_hal_cortex.o
       514         40          0          0          0       2739   stm32f4xx_hal_gpio.o
      2294         52          0          0          0      13030   stm32f4xx_hal_i2c.o
        48          6          0          0          0        830   stm32f4xx_hal_msp.o
      1348         76          0          0          0       5176   stm32f4xx_hal_rcc.o
       340         26          0          0          0       1372   stm32f4xx_hal_rcc_ex.o
       862         36          0          0          0       8029   stm32f4xx_hal_rtc.o
       230          0          0          0          0       2734   stm32f4xx_hal_rtc_ex.o
       842         16          0          0          0       4510   stm32f4xx_hal_spi.o
       720         10          0          0          0       4760   stm32f4xx_hal_uart.o
        26          0          0          0          0       4503   stm32f4xx_it.o
        16          4         24          4          0       1087   system_stm32f4xx.o
       210         10          0          0          0       3109   touch.o
      1646        316          0         20         32      10385   ui.o
       188         26          0          0         72       2234   usart.o

    ----------------------------------------------------------------------
     12640        944      11548         76       1440     565102   Object Totals
         0          0         32          0          0          0   (incl. Generated)
        32          0          0          4          4          0   (incl. Padding)

    ----------------------------------------------------------------------

      Code (inc. data)   RO Data    RW Data    ZI Data      Debug   Library Member Name

         0          0          0          0          0          0   entry.o
         0          0          0          0          0          0   entry10a.o
         0          0          0          0          0          0   entry11a.o
         4          0          0          0          0          0   entry12b.o
         8          4          0          0          0          0   entry2.o
         4          0          0          0          0          0   entry5.o
         0          0          0          0          0          0   entry7b.o
         0          0          0          0          0          0   entry8b.o
         8          4          0          0          0          0   entry9a.o
        30          0          0          0          0          0   handlers.o
        36          8          0          0          0         68   init.o
        30          0          0          0          0         68   llshl.o
        32          0          0          0          0         68   llushr.o
        36          0          0          0          0        108   memseta.o
       916         20          0          0          0        504   printf6.o
         0          0          0          4          0          0   stdout.o
        44          0          0          0          0         80   uidiv.o
        98          0          0          0          0         92   uldiv.o

    ----------------------------------------------------------------------
      1248         36          0          4          0        988   Library Totals
         2          0          0          0          0          0   (incl. Padding)

    ----------------------------------------------------------------------

      Code (inc. data)   RO Data    RW Data    ZI Data      Debug   Library Name

      1246         36          0          4          0        988   mc_w.l

    ----------------------------------------------------------------------
      1248         36          0          4          0        988   Library Totals

    ----------------------------------------------------------------------

==============================================================================


      Code (inc. data)   RO Data    RW Data    ZI Data      Debug   

     13888        980      11548         80       1440     554126   Grand Totals
     13888        980      11548         80       1440     554126   ELF Image Totals
     13888        980      11548         80          0          0   ROM Totals

==============================================================================

    Total RO  Size (Code + RO Data)                25436 (  24.84kB)
    Total RW  Size (RW Data + ZI Data)              1520 (   1.48kB)
    Total ROM Size (Code + RO Data + RW Data)      25516 (  24.92kB)

==============================================================================

